Component: ARM Compiler 5.06 update 7 (build 960) Tool: armlink [4d3601]

==============================================================================

Section Cross References

    startup_sh32f9001_keil.o(STACK) refers (Special) to heapauxi.o(.text) for __use_two_region_memory
    startup_sh32f9001_keil.o(HEAP) refers (Special) to heapauxi.o(.text) for __use_two_region_memory
    startup_sh32f9001_keil.o(RESET) refers (Special) to heapauxi.o(.text) for __use_two_region_memory
    startup_sh32f9001_keil.o(RESET) refers to startup_sh32f9001_keil.o(STACK) for system_stack_top
    startup_sh32f9001_keil.o(RESET) refers to startup_sh32f9001_keil.o(.text) for Reset_Handler
    startup_sh32f9001_keil.o(RESET) refers to interrupt.o(i.NMI_Handler) for NMI_Handler
    startup_sh32f9001_keil.o(RESET) refers to interrupt.o(i.HardFault_Handler) for HardFault_Handler
    startup_sh32f9001_keil.o(RESET) refers to interrupt.o(i.MemManage_Handler) for MemManage_Handler
    startup_sh32f9001_keil.o(RESET) refers to interrupt.o(i.BusFault_Handler) for BusFault_Handler
    startup_sh32f9001_keil.o(RESET) refers to interrupt.o(i.UsageFault_Handler) for UsageFault_Handler
    startup_sh32f9001_keil.o(RESET) refers to interrupt.o(i.SVC_Handler) for SVC_Handler
    startup_sh32f9001_keil.o(RESET) refers to interrupt.o(i.DebugMon_Handler) for DebugMon_Handler
    startup_sh32f9001_keil.o(RESET) refers to interrupt.o(i.PendSV_Handler) for PendSV_Handler
    startup_sh32f9001_keil.o(RESET) refers to interrupt.o(i.SysTick_Handler) for SysTick_Handler
    startup_sh32f9001_keil.o(RESET) refers to interrupt.o(i.UART2_Handler) for UART2_Handler
    startup_sh32f9001_keil.o(RESET) refers to timer.o(i.TIM5_Handler) for TIM5_Handler
    startup_sh32f9001_keil.o(.text) refers (Special) to heapauxi.o(.text) for __use_two_region_memory
    startup_sh32f9001_keil.o(.text) refers to system_sh32f9xx_sb0.o(i.SystemInit) for SystemInit
    startup_sh32f9001_keil.o(.text) refers to __main.o(!!!main) for __main
    startup_sh32f9001_keil.o(.text) refers to startup_sh32f9001_keil.o(HEAP) for Heap_Mem
    startup_sh32f9001_keil.o(.text) refers to startup_sh32f9001_keil.o(STACK) for __initial_sp
    main.o(i.main) refers to sh32f9xx_sb0_iwdt.o(i.IWDT_Enable) for IWDT_Enable
    main.o(i.main) refers to delay.o(i.delay_init) for delay_init
    main.o(i.main) refers to sh32f9xx_sb0_nvic.o(i.NVIC_PriorityGroupConfig) for NVIC_PriorityGroupConfig
    main.o(i.main) refers to timer.o(i.TIM5_Config) for TIM5_Config
    main.o(i.main) refers to beep.o(i.Beep_GPIO_Config) for Beep_GPIO_Config
    main.o(i.main) refers to lcd.o(i.LED_GPIO_Config) for LED_GPIO_Config
    main.o(i.main) refers to key.o(i.Key_GPIO_Config) for Key_GPIO_Config
    main.o(i.main) refers to fault.o(i.SW_ERROR_GPIO_Config) for SW_ERROR_GPIO_Config
    main.o(i.main) refers to queue.o(i.Init_Queue) for Init_Queue
    main.o(i.main) refers to uart.o(i.UART2_Config) for UART2_Config
    main.o(i.main) refers to lpiic.o(i.SensorPowerTrig_GPIO_Config) for SensorPowerTrig_GPIO_Config
    main.o(i.main) refers to lpiic.o(i.LP_IIC_GPIO_Init) for LP_IIC_GPIO_Init
    main.o(i.main) refers to hpiic.o(i.HP_IIC_GPIO_Init) for HP_IIC_GPIO_Init
    main.o(i.main) refers to lpiic.o(i.LpI2C_Init) for LpI2C_Init
    main.o(i.main) refers to hpiic.o(i.HpI2C_Init) for HpI2C_Init
    main.o(i.main) refers to adc.o(i.ADC_Init_Config) for ADC_Init_Config
    main.o(i.main) refers to delay.o(i.delay_ms) for delay_ms
    main.o(i.main) refers to adc.o(i.Handle_ADCSampleTask) for Handle_ADCSampleTask
    main.o(i.main) refers to lcd.o(i.LSI_TURNON) for LSI_TURNON
    main.o(i.main) refers to lcd.o(i.LCD_Config_Init) for LCD_Config_Init
    main.o(i.main) refers to app.o(i.value_init) for value_init
    main.o(i.main) refers to timer.o(i.SoftTimer_Setup) for SoftTimer_Setup
    main.o(i.main) refers to sh32f9xx_sb0_iwdt.o(i.IWDG_ReloadCounter) for IWDG_ReloadCounter
    main.o(i.main) refers to uart.o(i.Handle_UartReceDataFromDriver) for Handle_UartReceDataFromDriver
    main.o(i.main) refers to timer.o(i.SoftTimer_Check) for SoftTimer_Check
    main.o(i.main) refers to key.o(i.Handle_KeyDetect) for Handle_KeyDetect
    main.o(i.main) refers to fault.o(i.Handle_SwitchFaultDetect) for Handle_SwitchFaultDetect
    main.o(i.main) refers to app.o(i.Handle_PressureSample) for Handle_PressureSample
    main.o(i.main) refers to app.o(i.Handle_LPModeTask) for Handle_LPModeTask
    main.o(i.main) refers to app.o(i.Handle_FaultSummaryJudge) for Handle_FaultSummaryJudge
    main.o(i.main) refers to key.o(i.Handle_GetKey) for Handle_GetKey
    main.o(i.main) refers to beep.o(i.Handle_BeepControl) for Handle_BeepControl
    main.o(i.main) refers to uart.o(i.Handle_UartSendDataToDriver) for Handle_UartSendDataToDriver
    main.o(i.main) refers to lcd.o(i.LCD_PowerOnDisplay) for LCD_PowerOnDisplay
    main.o(i.main) refers to app.o(i.Handle_PressureZeroTask) for Handle_PressureZeroTask
[...]
    i.RCC_APB1PeriphClockOnOff               0x00004e04   Section        0  sh32f9xx_sb0_rcc.o(i.RCC_APB1PeriphClockOnOff)
    i.RCC_GetClocksFreq                      0x00004e6c   Section        0  sh32f9xx_sb0_rcc.o(i.RCC_GetClocksFreq)
    i.SVC_Handler                            0x0000500c   Section        0  interrupt.o(i.SVC_Handler)
    i.SW_ERROR_GPIO_Config                   0x00005010   Section        0  fault.o(i.SW_ERROR_GPIO_Config)
    i.SYSCFG_VLVRConfig                      0x00005044   Section        0  sh32f9xx_sb0_syscfg.o(i.SYSCFG_VLVRConfig)
    i.SensorPowerTrig_GPIO_Config            0x00005080   Section        0  lpiic.o(i.SensorPowerTrig_GPIO_Config)
    i.SetResolutionFive                      0x000050d8   Section        0  app.o(i.SetResolutionFive)
    i.SetSysClockTo72                        0x0000512c   Section        0  system_sh32f9xx_sb0.o(i.SetSysClockTo72)
    SetSysClockTo72                          0x0000512d   Thumb Code   252  system_sh32f9xx_sb0.o(i.SetSysClockTo72)
    i.SoftTimer_Check                        0x00005238   Section        0  timer.o(i.SoftTimer_Check)
    i.SoftTimer_Setup                        0x00005264   Section        0  timer.o(i.SoftTimer_Setup)
    i.SysTick_Handler                        0x00005284   Section        0  interrupt.o(i.SysTick_Handler)
    i.SystemInit                             0x00005286   Section        0  system_sh32f9xx_sb0.o(i.SystemInit)
    i.TIM5_Config                            0x00005290   Section        0  timer.o(i.TIM5_Config)
    i.TIM5_Handler                           0x000052f8   Section        0  timer.o(i.TIM5_Handler)
    i.TIM_ClearFlag                          0x0000532c   Section        0  sh32f9xx_sb0_timer.o(i.TIM_ClearFlag)
    i.TIM_INTConfig                          0x00005370   Section        0  sh32f9xx_sb0_timer.o(i.TIM_INTConfig)
    i.TIM_Init                               0x000053d4   Section        0  sh32f9xx_sb0_timer.o(i.TIM_Init)
    i.TIM_OnOff                              0x00005468   Section        0  sh32f9xx_sb0_timer.o(i.TIM_OnOff)
    i.TIM_StructInit                         0x000054cc   Section        0  sh32f9xx_sb0_timer.o(i.TIM_StructInit)
    i.UART2_Config                           0x000054dc   Section        0  uart.o(i.UART2_Config)
    i.UART2_Handler                          0x00005588   Section        0  interrupt.o(i.UART2_Handler)
    i.UART_GetFlagStatus                     0x000055b0   Section        0  sh32f9xx_sb0_uart.o(i.UART_GetFlagStatus)
    i.UART_INTConfig                         0x0000563c   Section        0  sh32f9xx_sb0_uart.o(i.UART_INTConfig)
    i.UART_Init                              0x000056cc   Section        0  sh32f9xx_sb0_uart.o(i.UART_Init)
    i.UART_ReceiveBytes                      0x000059f0   Section        0  uart.o(i.UART_ReceiveBytes)
    i.UART_ReceiveData                       0x00005a4c   Section        0  sh32f9xx_sb0_uart.o(i.UART_ReceiveData)
    i.UART_SendData                          0x00005ac0   Section        0  sh32f9xx_sb0_uart.o(i.UART_SendData)
    i.UsageFault_Handler                     0x00005b18   Section        0  interrupt.o(i.UsageFault_Handler)
    i.assert_failed                          0x00005b1c   Section        0  sh32f9xx_sb0_retarget.o(i.assert_failed)
    i.delay_init                             0x00005b48   Section        0  delay.o(i.delay_init)
    i.delay_ms                               0x00005b68   Section        0  delay.o(i.delay_ms)
    i.delay_us                               0x00005b80   Section        0  delay.o(i.delay_us)
    i.fputc                                  0x00005bcc   Section        0  sh32f9xx_sb0_retarget.o(i.fputc)
    i.main                                   0x00005bec   Section        0  main.o(i.main)
    i.uart_send                              0x00005da0   Section        0  sh32f9xx_sb0_retarget.o(i.uart_send)
    i.value_init                             0x00005db8   Section        0  app.o(i.value_init)
    x$fpl$d2f                                0x00005e74   Section       98  d2f.o(x$fpl$d2f)
    x$fpl$dcmpinf                            0x00005ed6   Section       24  dcmpi.o(x$fpl$dcmpinf)
    x$fpl$ddiv                               0x00005ef0   Section      688  ddiv.o(x$fpl$ddiv)
    ddiv_entry                               0x00005ef7   Thumb Code     0  ddiv.o(x$fpl$ddiv)
    x$fpl$dfix                               0x000061a0   Section       94  dfix.o(x$fpl$dfix)
    x$fpl$dleqf                              0x00006200   Section      120  dleqf.o(x$fpl$dleqf)
    x$fpl$dmul                               0x00006278   Section      340  dmul.o(x$fpl$dmul)
    x$fpl$dnaninf                            0x000063cc   Section      156  dnaninf.o(x$fpl$dnaninf)
    x$fpl$dretinf                            0x00006468   Section       12  dretinf.o(x$fpl$dretinf)
    x$fpl$f2d                                0x00006474   Section       86  f2d.o(x$fpl$f2d)
    x$fpl$fadd                               0x000064cc   Section      196  faddsub_clz.o(x$fpl$fadd)
    _fadd1                                   0x000064db   Thumb Code     0  faddsub_clz.o(x$fpl$fadd)
    x$fpl$fdiv                               0x00006590   Section      388  fdiv.o(x$fpl$fdiv)
    _fdiv1                                   0x00006591   Thumb Code     0  fdiv.o(x$fpl$fdiv)
    x$fpl$fflt                               0x00006714   Section       48  fflt_clz.o(x$fpl$fflt)
    x$fpl$ffltu                              0x00006744   Section       38  fflt_clz.o(x$fpl$ffltu)
    x$fpl$fnaninf                            0x0000676a   Section      140  fnaninf.o(x$fpl$fnaninf)
    x$fpl$fretinf                            0x000067f6   Section       10  fretinf.o(x$fpl$fretinf)
    x$fpl$fsub                               0x00006800   Section      234  faddsub_clz.o(x$fpl$fsub)
    _fsub1                                   0x0000680f   Thumb Code     0  faddsub_clz.o(x$fpl$fsub)
    x$fpl$usenofp                            0x000068ea   Section        0  usenofp.o(x$fpl$usenofp)
    .constdata                               0x000068ec   Section       12  timer.o(.constdata)
    .conststring                             0x000068f8   Section       74  sh32f9xx_sb0_gpio.o(.conststring)
    .conststring                             0x00006944   Section       74  sh32f9xx_sb0_iwdt.o(.conststring)
    .conststring                             0x00006990   Section       73  sh32f9xx_sb0_rcc.o(.conststring)
    .conststring                             0x000069dc   Section       76  sh32f9xx_sb0_syscfg.o(.conststring)
    .conststring                             0x00006a28   Section       74  sh32f9xx_sb0_uart.o(.conststring)
    .conststring                             0x00006a74   Section       75  sh32f9xx_sb0_timer.o(.conststring)
    .conststring                             0x00006ac0   Section       73  sh32f9xx_sb0_lcd.o(.conststring)
    .conststring                             0x00006b0c   Section       74  sh32f9xx_sb0_nvic.o(.conststring)
    .conststring                             0x00006b58   Section       75  sh32f9xx_sb0_flash.o(.conststring)
    .conststring                             0x00006ba4   Section       73  sh32f9xx_sb0_adc.o(.conststring)
    .data                                    0x20000000   Section        2  main.o(.data)
    .data                                    0x20000004   Section        8  sh32f9xx_sb0_retarget.o(.data)
    .data                                    0x2000000c   Section       41  app.o(.data)
    LP_CancelCnt                             0x2000002a   Data           1  app.o(.data)
    LP_FilterCnt                             0x2000002b   Data           1  app.o(.data)
    isLp0PsiCutoff                           0x2000002c   Data           1  app.o(.data)
    pz_errorDispCnt                          0x2000002d   Data           1  app.o(.data)
    Temp_flag                                0x2000002e   Data           1  app.o(.data)
    ErTurn_temp                              0x2000002f   Data           1  app.o(.data)
    Twink_status                             0x20000030   Data           1  app.o(.data)
    E4ErTurn_temp                            0x20000031   Data           1  app.o(.data)
    E4Twink_status                           0x20000032   Data           1  app.o(.data)
    Motor_runFlag                            0x20000033   Data           1  app.o(.data)
    timeCnt                                  0x20000034   Data           1  app.o(.data)
    .data                                    0x20000035   Section        1  delay.o(.data)
    fac_us                                   0x20000035   Data           1  delay.o(.data)
    .data                                    0x20000036   Section       28  uart.o(.data)
    SendToDriverBuff                         0x20000049   Data           9  uart.o(.data)
    .data                                    0x20000052   Section       23  lcd.o(.data)
    count_500ms                              0x20000068   Data           1  lcd.o(.data)
    .data                                    0x2000006c   Section        4  timer.o(.data)
    m_SoftTimerRegister                      0x2000006c   Data           4  timer.o(.data)
    .data                                    0x20000070   Section        4  lpiic.o(.data)
    num                                      0x20000070   Data           1  lpiic.o(.data)
    errCnt                                   0x20000071   Data           1  lpiic.o(.data)
    normCnt                                  0x20000072   Data           1  lpiic.o(.data)
    continueZeroCnt                          0x20000073   Data           1  lpiic.o(.data)
    .data                                    0x20000074   Section        4  hpiic.o(.data)
    num                                      0x20000074   Data           1  hpiic.o(.data)
    errCnt                                   0x20000075   Data           1  hpiic.o(.data)
    normCnt                                  0x20000076   Data           1  hpiic.o(.data)
    continueZeroCnt                          0x20000077   Data           1  hpiic.o(.data)
    .data                                    0x20000078   Section        8  beep.o(.data)
    Flag_B1                                  0x20000078   Data           1  beep.o(.data)
    Flag_B2                                  0x20000079   Data           1  beep.o(.data)
    Flag_B3                                  0x2000007a   Data           1  beep.o(.data)
    B2_StatusFlag                            0x2000007b   Data           1  beep.o(.data)
    B3_StatusFlag                            0x2000007c   Data           1  beep.o(.data)
    B1_DelayCnt                              0x2000007d   Data           1  beep.o(.data)
    B2_DelayCnt                              0x2000007e   Data           1  beep.o(.data)
    B3_DelayCnt                              0x2000007f   Data           1  beep.o(.data)
    .data                                    0x20000080   Section       15  key.o(.data)
    Key_Count                                0x20000082   Data           1  key.o(.data)
    Key_IndexW                               0x20000084   Data           1  key.o(.data)
    Key_IndexR                               0x20000085   Data           1  key.o(.data)
    keycnt_temp                              0x20000086   Data           1  key.o(.data)
    key_effective                            0x20000087   Data           1  key.o(.data)
    long_cnt                                 0x20000088   Data           4  key.o(.data)
    key_delay                                0x2000008c   Data           1  key.o(.data)
    debouce_cnt                              0x2000008d   Data           1  key.o(.data)
    pre_key_no                               0x2000008e   Data           1  key.o(.data)
    .data                                    0x20000090   Section        8  fault.o(.data)
    HP_start_cnt                             0x20000092   Data           1  fault.o(.data)
    HP_cancel_cnt                            0x20000093   Data           1  fault.o(.data)
    OFP_start_cnt                            0x20000094   Data           1  fault.o(.data)
    OFP_cancel_cnt                           0x20000095   Data           1  fault.o(.data)
    TP_start_cnt                             0x20000096   Data           1  fault.o(.data)
    TP_cancel_cnt                            0x20000097   Data           1  fault.o(.data)
    .data                                    0x20000098   Section       26  adc.o(.data)
    SWRawValue                               0x200000a0   Data           8  adc.o(.data)
    VinRawValue                              0x200000a8   Data           8  adc.o(.data)
    SWNum                                    0x200000b0   Data           1  adc.o(.data)
    VinNum                                   0x200000b1   Data           1  adc.o(.data)
    .bss                                     0x200000b4   Section       62  app.o(.bss)
    .bss                                     0x200000f2   Section      106  uart.o(.bss)
    .bss                                     0x2000015c   Section       12  timer.o(.bss)
    m_SoftTimerTick                          0x2000015c   Data          12  timer.o(.bss)
    .bss                                     0x20000168   Section     1024  eeprom.o(.bss)
    .bss                                     0x20000568   Section       16  lpiic.o(.bss)
    prsValue                                 0x20000568   Data          16  lpiic.o(.bss)
    .bss                                     0x20000578   Section       16  hpiic.o(.bss)
    prsValue                                 0x20000578   Data          16  hpiic.o(.bss)
    .bss                                     0x20000588   Section       96  libspace.o(.bss)
    HEAP                                     0x200005e8   Section      256  startup_sh32f9001_keil.o(HEAP)
    Heap_Mem                                 0x200005e8   Data         256  startup_sh32f9001_keil.o(HEAP)
    STACK                                    0x200006e8   Section     1024  startup_sh32f9001_keil.o(STACK)
    User_Stack_Mem                           0x20000ae8   Data           0  startup_sh32f9001_keil.o(STACK)
    __initial_sp                             0x20000ae8   Data           0  startup_sh32f9001_keil.o(STACK)
    system_stack_top                         0x20000ae8   Data           0  startup_sh32f9001_keil.o(STACK)

    Global Symbols

    Symbol Name                              Value     Ov Type        Size  Object(Section)

    BuildAttributes$$THM_ISAv4$P$D$K$B$S$PE$A:L22UL41UL21$X:L11$S22US41US21$IEEE1$IW$USESV6$~STKCKD$USESV7$~SHL$OSPACE$ROPI$EBA8$UX$STANDARDLIB$REQ8$PRES8$EABIv2 0x00000000   Number         0  anon$$obj.o ABSOLUTE
    __ARM_use_no_argv                        0x00000000   Number         0  main.o ABSOLUTE
    __Vectors                                0x00000000   Data           0  startup_sh32f9001_keil.o(RESET)
    __ARM_exceptions_init                     - Undefined Weak Reference
    __alloca_initialize                       - Undefined Weak Reference
    __arm_fini_                               - Undefined Weak Reference
    __arm_preinit_                            - Undefined Weak Reference
    __cpp_initialize__aeabi_                  - Undefined Weak Reference
    __cxa_finalize                            - Undefined Weak Reference
    __rt_locale                               - Undefined Weak Reference
    __sigvec_lookup                           - Undefined Weak Reference
    _atexit_init                              - Undefined Weak Reference
    _call_atexit_fns                          - Undefined Weak Reference
    _clock_init                               - Undefined Weak Reference
    _fp_trap_init                             - Undefined Weak Reference
    _fp_trap_shutdown                         - Undefined Weak Reference
    _get_lc_collate                           - Undefined Weak Reference
    _get_lc_ctype                             - Undefined Weak Reference
    _get_lc_monetary                          - Undefined Weak Reference
    _get_lc_numeric                           - Undefined Weak Reference
    _get_lc_time                              - Undefined Weak Reference
    _getenv_init                              - Undefined Weak Reference
    _handle_redirection                       - Undefined Weak Reference
    _init_alloc                               - Undefined Weak Reference
    _init_user_alloc                          - Undefined Weak Reference
    _initio                                   - Undefined Weak Reference
    _mutex_acquire                            - Undefined Weak Reference
    _mutex_release                            - Undefined Weak Reference
    _printf_mbtowc                            - Undefined Weak Reference
    _printf_post_padding                      - Undefined Weak Reference
    _printf_pre_padding                       - Undefined Weak Reference
    _printf_truncate_signed                   - Undefined Weak Reference
    _printf_truncate_unsigned                 - Undefined Weak Reference
    _rand_init                                - Undefined Weak Reference
    _signal_finish                            - Undefined Weak Reference
    _signal_init                              - Undefined Weak Reference
    _terminate_alloc                          - Undefined Weak Reference
    _terminate_user_alloc                     - Undefined Weak Reference
    _terminateio                              - Undefined Weak Reference
    __Vectors_End                            0x000000e8   Data           0  startup_sh32f9001_keil.o(RESET)
    __Vectors_Size                           0x000000e8   Number         0  startup_sh32f9001_keil.o ABSOLUTE
    __main                                   0x000000e9   Thumb Code     8  __main.o(!!!main)
    __scatterload                            0x000000f1   Thumb Code     0  __scatter.o(!!!scatter)
    __scatterload_rt2                        0x000000f1   Thumb Code    44  __scatter.o(!!!scatter)
    __scatterload_rt2_thumb_only             0x000000f1   Thumb Code     0  __scatter.o(!!!scatter)
    __scatterload_null                       0x000000ff   Thumb Code     0  __scatter.o(!!!scatter)
    __scatterload_copy                       0x00000125   Thumb Code    26  __scatter_copy.o(!!handler_copy)
    __scatterload_zeroinit                   0x00000141   Thumb Code    28  __scatter_zi.o(!!handler_zi)
    _printf_d                                0x0000015d   Thumb Code     0  _printf_d.o(.ARM.Collect$$_printf_percent$$00000009)
    _printf_percent                          0x0000015d   Thumb Code     0  _printf_percent.o(.ARM.Collect$$_printf_percent$$00000000)
    _printf_s                                0x00000163   Thumb Code     0  _printf_s.o(.ARM.Collect$$_printf_percent$$00000014)
    _printf_percent_end                      0x00000169   Thumb Code     0  _printf_percent_end.o(.ARM.Collect$$_printf_percent$$00000017)
    __rt_lib_init                            0x0000016d   Thumb Code     0  libinit.o(.ARM.Collect$$libinit$$00000000)
    __rt_lib_init_alloca_1                   0x0000016f   Thumb Code     0  libinit2.o(.ARM.Collect$$libinit$$0000002E)
    __rt_lib_init_argv_1                     0x0000016f   Thumb Code     0  libinit2.o(.ARM.Collect$$libinit$$0000002C)
    __rt_lib_init_atexit_1                   0x0000016f   Thumb Code     0  libinit2.o(.ARM.Collect$$libinit$$0000001B)
    __rt_lib_init_clock_1                    0x0000016f   Thumb Code     0  libinit2.o(.ARM.Collect$$libinit$$00000021)
    __rt_lib_init_cpp_1                      0x0000016f   Thumb Code     0  libinit2.o(.ARM.Collect$$libinit$$00000032)
    __rt_lib_init_exceptions_1               0x0000016f   Thumb Code     0  libinit2.o(.ARM.Collect$$libinit$$00000030)
    __rt_lib_init_fp_1                       0x0000016f   Thumb Code     0  libinit2.o(.ARM.Collect$$libinit$$00000002)
    __rt_lib_init_fp_trap_1                  0x0000016f   Thumb Code     0  libinit2.o(.ARM.Collect$$libinit$$0000001F)
    __rt_lib_init_getenv_1                   0x0000016f   Thumb Code     0  libinit2.o(.ARM.Collect$$libinit$$00000023)
    __rt_lib_init_heap_1                     0x0000016f   Thumb Code     0  libinit2.o(.ARM.Collect$$libinit$$0000000A)
    __rt_lib_init_lc_collate_1               0x0000016f   Thumb Code     0  libinit2.o(.ARM.Collect$$libinit$$00000011)
    __rt_lib_init_lc_ctype_1                 0x0000016f   Thumb Code     0  libinit2.o(.ARM.Collect$$libinit$$00000013)
    __rt_lib_init_lc_monetary_1              0x0000016f   Thumb Code     0  libinit2.o(.ARM.Collect$$libinit$$00000015)
    __rt_lib_init_lc_numeric_1               0x0000016f   Thumb Code     0  libinit2.o(.ARM.Collect$$libinit$$00000017)
    __rt_lib_init_lc_time_1                  0x0000016f   Thumb Code     0  libinit2.o(.ARM.Collect$$libinit$$00000019)
    __rt_lib_init_preinit_1                  0x0000016f   Thumb Code     0  libinit2.o(.ARM.Collect$$libinit$$00000004)
    __rt_lib_init_rand_1                     0x0000016f   Thumb Code     0  libinit2.o(.ARM.Collect$$libinit$$0000000E)
    __rt_lib_init_return                     0x0000016f   Thumb Code     0  libinit2.o(.ARM.Collect$$libinit$$00000033)
    __rt_lib_init_signal_1                   0x0000016f   Thumb Code     0  libinit2.o(.ARM.Collect$$libinit$$0000001D)
    __rt_lib_init_stdio_1                    0x0000016f   Thumb Code     0  libinit2.o(.ARM.Collect$$libinit$$00000025)
    __rt_lib_init_user_alloc_1               0x0000016f   Thumb Code     0  libinit2.o(.ARM.Collect$$libinit$$0000000C)
    __rt_lib_shutdown                        0x00000171   Thumb Code     0  libshutdown.o(.ARM.Collect$$libshutdown$$00000000)
    __rt_lib_shutdown_cpp_1                  0x00000173   Thumb Code     0  libshutdown2.o(.ARM.Collect$$libshutdown$$00000004)
    __rt_lib_shutdown_fini_1                 0x00000173   Thumb Code     0  libshutdown2.o(.ARM.Collect$$libshutdown$$00000002)
    __rt_lib_shutdown_fp_trap_1              0x00000173   Thumb Code     0  libshutdown2.o(.ARM.Collect$$libshutdown$$00000009)
    __rt_lib_shutdown_heap_1                 0x00000173   Thumb Code     0  libshutdown2.o(.ARM.Collect$$libshutdown$$00000011)
    __rt_lib_shutdown_return                 0x00000173   Thumb Code     0  libshutdown2.o(.ARM.Collect$$libshutdown$$00000012)
    __rt_lib_shutdown_signal_1               0x00000173   Thumb Code     0  libshutdown2.o(.ARM.Collect$$libshutdown$$0000000C)
    __rt_lib_shutdown_stdio_1                0x00000173   Thumb Code     0  libshutdown2.o(.ARM.Collect$$libshutdown$$00000006)
    __rt_lib_shutdown_user_alloc_1           0x00000173   Thumb Code     0  libshutdown2.o(.ARM.Collect$$libshutdown$$0000000E)
    __rt_entry                               0x00000175   Thumb Code     0  __rtentry.o(.ARM.Collect$$rtentry$$00000000)
    __rt_entry_presh_1                       0x00000175   Thumb Code     0  __rtentry2.o(.ARM.Collect$$rtentry$$00000002)
    __rt_entry_sh                            0x00000175   Thumb Code     0  __rtentry4.o(.ARM.Collect$$rtentry$$00000004)
    __rt_entry_li                            0x0000017b   Thumb Code     0  __rtentry2.o(.ARM.Collect$$rtentry$$0000000A)
    __rt_entry_postsh_1                      0x0000017b   Thumb Code     0  __rtentry2.o(.ARM.Collect$$rtentry$$00000009)
    __rt_entry_main                          0x0000017f   Thumb Code     0  __rtentry2.o(.ARM.Collect$$rtentry$$0000000D)
    __rt_entry_postli_1                      0x0000017f   Thumb Code     0  __rtentry2.o(.ARM.Collect$$rtentry$$0000000C)
    __rt_exit                                0x00000187   Thumb Code     0  rtexit.o(.ARM.Collect$$rtexit$$00000000)
    __rt_exit_ls                             0x00000189   Thumb Code     0  rtexit2.o(.ARM.Collect$$rtexit$$00000003)
    __rt_exit_prels_1                        0x00000189   Thumb Code     0  rtexit2.o(.ARM.Collect$$rtexit$$00000002)
    __rt_exit_exit                           0x0000018d   Thumb Code     0  rtexit2.o(.ARM.Collect$$rtexit$$00000004)
    Reset_Handler                            0x00000195   Thumb Code     8  startup_sh32f9001_keil.o(.text)
    ADC_Handler                              0x000001af   Thumb Code     0  startup_sh32f9001_keil.o(.text)
    BOD_Handler                              0x000001af   Thumb Code     0  startup_sh32f9001_keil.o(.text)
    DMA_CH0_Handler                          0x000001af   Thumb Code     0  startup_sh32f9001_keil.o(.text)
    DMA_CH1_Handler                          0x000001af   Thumb Code     0  startup_sh32f9001_keil.o(.text)
    DMA_CH2_7_Handler                        0x000001af   Thumb Code     0  startup_sh32f9001_keil.o(.text)
    EXTI0_Handler                            0x000001af   Thumb Code     0  startup_sh32f9001_keil.o(.text)
    EXTI15_10_Handler                        0x000001af   Thumb Code     0  startup_sh32f9001_keil.o(.text)
    EXTI1_Handler                            0x000001af   Thumb Code     0  startup_sh32f9001_keil.o(.text)
    EXTI2_Handler                            0x000001af   Thumb Code     0  startup_sh32f9001_keil.o(.text)
    EXTI3_Handler                            0x000001af   Thumb Code     0  startup_sh32f9001_keil.o(.text)
    EXTI4_Handler                            0x000001af   Thumb Code     0  startup_sh32f9001_keil.o(.text)
    EXTI9_5_Handler                          0x000001af   Thumb Code     0  startup_sh32f9001_keil.o(.text)
    LED_Handler                              0x000001af   Thumb Code     0  startup_sh32f9001_keil.o(.text)
    PCA0_Handler                             0x000001af   Thumb Code     0  startup_sh32f9001_keil.o(.text)
    PCA1_Handler                             0x000001af   Thumb Code     0  startup_sh32f9001_keil.o(.text)
    PCA2_Handler                             0x000001af   Thumb Code     0  startup_sh32f9001_keil.o(.text)
    PCA3_Handler                             0x000001af   Thumb Code     0  startup_sh32f9001_keil.o(.text)
    PCA4_Handler                             0x000001af   Thumb Code     0  startup_sh32f9001_keil.o(.text)
    PCA5_Handler                             0x000001af   Thumb Code     0  startup_sh32f9001_keil.o(.text)
    PCA6_Handler                             0x000001af   Thumb Code     0  startup_sh32f9001_keil.o(.text)
    PCA7_Handler                             0x000001af   Thumb Code     0  startup_sh32f9001_keil.o(.text)
    PWM0_Handler                             0x000001af   Thumb Code     0  startup_sh32f9001_keil.o(.text)
    PWM1_Handler                             0x000001af   Thumb Code     0  startup_sh32f9001_keil.o(.text)
    PWM2_Handler                             0x000001af   Thumb Code     0  startup_sh32f9001_keil.o(.text)
    PWM3_Handler                             0x000001af   Thumb Code     0  startup_sh32f9001_keil.o(.text)
    RCC_Handler                              0x000001af   Thumb Code     0  startup_sh32f9001_keil.o(.text)
    SPI0_Handler                             0x000001af   Thumb Code     0  startup_sh32f9001_keil.o(.text)
    SPI1_Handler                             0x000001af   Thumb Code     0  startup_sh32f9001_keil.o(.text)
    TIM6_Handler                             0x000001af   Thumb Code     0  startup_sh32f9001_keil.o(.text)
    TIM7_Handler                             0x000001af   Thumb Code     0  startup_sh32f9001_keil.o(.text)
    TIM8_Handler                             0x000001af   Thumb Code     0  startup_sh32f9001_keil.o(.text)
    TWI0_Handler                             0x000001af   Thumb Code     0  startup_sh32f9001_keil.o(.text)
    TWI1_Handler                             0x000001af   Thumb Code     0  startup_sh32f9001_keil.o(.text)
    TouchKey_Handler                         0x000001af   Thumb Code     0  startup_sh32f9001_keil.o(.text)
    UART0_Handler                            0x000001af   Thumb Code     0  startup_sh32f9001_keil.o(.text)
    UART1_Handler                            0x000001af   Thumb Code     0  startup_sh32f9001_keil.o(.text)
    UART3_Handler                            0x000001af   Thumb Code     0  startup_sh32f9001_keil.o(.text)
    UART4_Handler                            0x000001af   Thumb Code     0  startup_sh32f9001_keil.o(.text)
    UART5_Handler                            0x000001af   Thumb Code     0  startup_sh32f9001_keil.o(.text)
    WWDT_Handler                             0x000001af   Thumb Code     0  startup_sh32f9001_keil.o(.text)
    __user_initial_stackheap                 0x000001b5   Thumb Code     0  startup_sh32f9001_keil.o(.text)
    __2printf                                0x000001d9   Thumb Code    20  noretval__2printf.o(.text)
    __printf                                 0x000001f1   Thumb Code   104  __printf.o(.text)
    _printf_str                              0x00000259   Thumb Code    82  _printf_str.o(.text)
    _printf_int_dec                          0x000002ad   Thumb Code   104  _printf_dec.o(.text)
    __aeabi_memclr4                          0x00000325   Thumb Code     0  rt_memclr_w.o(.text)
    __aeabi_memclr8                          0x00000325   Thumb Code     0  rt_memclr_w.o(.text)
    __rt_memclr_w                            0x00000325   Thumb Code    78  rt_memclr_w.o(.text)
    _memset_w                                0x00000329   Thumb Code     0  rt_memclr_w.o(.text)
    __use_two_region_memory                  0x00000373   Thumb Code     2  heapauxi.o(.text)
    __rt_heap_escrow$2region                 0x00000375   Thumb Code     2  heapauxi.o(.text)
    __rt_heap_expand$2region                 0x00000377   Thumb Code     2  heapauxi.o(.text)
    _printf_int_common                       0x00000379   Thumb Code   178  _printf_intcommon.o(.text)
    _printf_cs_common                        0x0000042b   Thumb Code    20  _printf_char.o(.text)
    _printf_char                             0x0000043f   Thumb Code    16  _printf_char.o(.text)
    _printf_string                           0x0000044f   Thumb Code     8  _printf_char.o(.text)
    _printf_char_file                        0x00000459   Thumb Code    32  _printf_char_file.o(.text)
    _printf_char_common                      0x00000487   Thumb Code    32  _printf_char_common.o(.text)
    ferror                                   0x000004ad   Thumb Code     8  ferror.o(.text)
    __user_setup_stackheap                   0x000004b5   Thumb Code    74  sys_stackheap_outer.o(.text)
    exit                                     0x000004ff   Thumb Code    18  exit.o(.text)
    __user_libspace                          0x00000511   Thumb Code     8  libspace.o(.text)
    __user_perproc_libspace                  0x00000511   Thumb Code     0  libspace.o(.text)
    __user_perthread_libspace                0x00000511   Thumb Code     0  libspace.o(.text)
    _sys_exit                                0x00000519   Thumb Code     8  sys_exit.o(.text)
    __I$use$semihosting                      0x00000525   Thumb Code     0  use_no_semi.o(.text)
    __use_no_semihosting_swi                 0x00000525   Thumb Code     2  use_no_semi.o(.text)
    __semihosting_library_function           0x00000527   Thumb Code     0  indicate_semi.o(.text)
    ADC_ChannelConfig                        0x00000529   Thumb Code   332  sh32f9xx_sb0_adc.o(i.ADC_ChannelConfig)
    ADC_ClearFlag                            0x0000067d   Thumb Code    56  sh32f9xx_sb0_adc.o(i.ADC_ClearFlag)
    ADC_GetConversionValue                   0x000006f9   Thumb Code    78  sh32f9xx_sb0_adc.o(i.ADC_GetConversionValue)
    ADC_GetFlagStatus                        0x00000751   Thumb Code    64  sh32f9xx_sb0_adc.o(i.ADC_GetFlagStatus)
    ADC_Init                                 0x00000799   Thumb Code   652  sh32f9xx_sb0_adc.o(i.ADC_Init)
    ADC_Init_Config                          0x00000a31   Thumb Code    12  adc.o(i.ADC_Init_Config)
    ADC_OnOff                                0x00000abd   Thumb Code    60  sh32f9xx_sb0_adc.o(i.ADC_OnOff)
    ADC_SoftwareStartConversion              0x00000b01   Thumb Code    30  sh32f9xx_sb0_adc.o(i.ADC_SoftwareStartConversion)
    ADC_StructInit                           0x00000b29   Thumb Code    30  sh32f9xx_sb0_adc.o(i.ADC_StructInit)
    Beep_GPIO_Config                         0x00000b49   Thumb Code    66  beep.o(i.Beep_GPIO_Config)
    Beep_ResetMode3                          0x00000b91   Thumb Code     8  beep.o(i.Beep_ResetMode3)
    Beep_SetMode1                            0x00000b9d   Thumb Code    24  beep.o(i.Beep_SetMode1)
    Beep_SetMode2                            0x00000bbd   Thumb Code    16  beep.o(i.Beep_SetMode2)
    Beep_SetMode3                            0x00000bd1   Thumb Code     8  beep.o(i.Beep_SetMode3)
    BusFault_Handler                         0x00000bdd   Thumb Code     4  interrupt.o(i.BusFault_Handler)
    De_Queue                                 0x00000be1   Thumb Code    50  queue.o(i.De_Queue)
    DebugMon_Handler                         0x00000c13   Thumb Code     2  interrupt.o(i.DebugMon_Handler)
    DisplayPressureValue                     0x00000c15   Thumb Code   830  app.o(i.DisplayPressureValue)
    E2_InitSystemData                        0x00000f59   Thumb Code   124  eeprom.o(i.E2_InitSystemData)
    E2_Write_DataStr_HalfWord                0x00000fdd   Thumb Code   188  eeprom.o(i.E2_Write_DataStr_HalfWord)
    E2_Write_DataStr_HalfWord_NoCheck        0x0000109d   Thumb Code    96  eeprom.o(i.E2_Write_DataStr_HalfWord_NoCheck)
    En_Queue                                 0x000010fd   Thumb Code    52  queue.o(i.En_Queue)
    FLASH_CacheReset                         0x00001131   Thumb Code    22  sh32f9xx_sb0_flash.o(i.FLASH_CacheReset)
    FLASH_ClearFlag                          0x00001155   Thumb Code    38  sh32f9xx_sb0_flash.o(i.FLASH_ClearFlag)
    FLASH_Clear_PGMWindow                    0x00001185   Thumb Code    16  sh32f9xx_sb0_flash.o(i.FLASH_Clear_PGMWindow)
    FLASH_E2_EraseSector                     0x0000119d   Thumb Code    78  sh32f9xx_sb0_flash.o(i.FLASH_E2_EraseSector)
    FLASH_E2_Lock                            0x000011f9   Thumb Code     8  sh32f9xx_sb0_flash.o(i.FLASH_E2_Lock)
    FLASH_E2_ProgramHalfWord                 0x00001205   Thumb Code   116  sh32f9xx_sb0_flash.o(i.FLASH_E2_ProgramHalfWord)
    FLASH_E2_ProgramPage_HalfWord            0x00001291   Thumb Code   134  sh32f9xx_sb0_flash.o(i.FLASH_E2_ProgramPage_HalfWord)
    FLASH_E2_ReadByte                        0x00001321   Thumb Code    30  sh32f9xx_sb0_flash.o(i.FLASH_E2_ReadByte)
    FLASH_E2_Unlock                          0x00001345   Thumb Code    66  sh32f9xx_sb0_flash.o(i.FLASH_E2_Unlock)
    FLASH_GetStatus                          0x00001395   Thumb Code   118  sh32f9xx_sb0_flash.o(i.FLASH_GetStatus)
    FLASH_Set_PGMWindow                      0x00001411   Thumb Code    16  sh32f9xx_sb0_flash.o(i.FLASH_Set_PGMWindow)
    FLASH_Verify_Byte                        0x00001429   Thumb Code    78  sh32f9xx_sb0_flash.o(i.FLASH_Verify_Byte)
    FLASH_WaitForLastOperation               0x0000147d   Thumb Code    34  sh32f9xx_sb0_flash.o(i.FLASH_WaitForLastOperation)
    GET_LVRENValue                           0x000014a1   Thumb Code    20  eeprom.o(i.GET_LVRENValue)
    GPIO_Init                                0x000014b9   Thumb Code   370  sh32f9xx_sb0_gpio.o(i.GPIO_Init)
    GPIO_PinAFConfig                         0x00001635   Thumb Code   296  sh32f9xx_sb0_gpio.o(i.GPIO_PinAFConfig)
    GPIO_ReadInputData                       0x00001765   Thumb Code    58  sh32f9xx_sb0_gpio.o(i.GPIO_ReadInputData)
    GPIO_ReadInputDataBit                    0x000017a9   Thumb Code   166  sh32f9xx_sb0_gpio.o(i.GPIO_ReadInputDataBit)
    GPIO_ResetBits                           0x00001859   Thumb Code    80  sh32f9xx_sb0_gpio.o(i.GPIO_ResetBits)
    GPIO_SetBits                             0x000018b1   Thumb Code    78  sh32f9xx_sb0_gpio.o(i.GPIO_SetBits)
    GetLength                                0x00001909   Thumb Code     8  queue.o(i.GetLength)
    HPValueSample                            0x00001911   Thumb Code   232  hpiic.o(i.HPValueSample)
    HP_IIC_Ack                               0x00001a15   Thumb Code    52  hpiic.o(i.HP_IIC_Ack)
    HP_IIC_GPIO_Init                         0x00001a4d   Thumb Code    72  hpiic.o(i.HP_IIC_GPIO_Init)
    HP_IIC_NAck                              0x00001a99   Thumb Code    52  hpiic.o(i.HP_IIC_NAck)
    HP_IIC_Read_Byte                         0x00001ad1   Thumb Code    84  hpiic.o(i.HP_IIC_Read_Byte)
    HP_IIC_SDA_InMode                        0x00001b29   Thumb Code    28  hpiic.o(i.HP_IIC_SDA_InMode)
    HP_IIC_SDA_OutMode                       0x00001b49   Thumb Code    38  hpiic.o(i.HP_IIC_SDA_OutMode)
    HP_IIC_Send_Byte                         0x00001b75   Thumb Code    90  hpiic.o(i.HP_IIC_Send_Byte)
    HP_IIC_Start                             0x00001bd5   Thumb Code    52  hpiic.o(i.HP_IIC_Start)
    HP_IIC_Stop                              0x00001c0d   Thumb Code    52  hpiic.o(i.HP_IIC_Stop)
    HP_IIC_Wait_Ack                          0x00001c45   Thumb Code    78  hpiic.o(i.HP_IIC_Wait_Ack)
    Handle_ADCSampleTask                     0x00001c99   Thumb Code   458  adc.o(i.Handle_ADCSampleTask)
    Handle_BeepControl                       0x00001ead   Thumb Code   700  beep.o(i.Handle_BeepControl)
    Handle_DisplayFaultData                  0x0000219d   Thumb Code   644  app.o(i.Handle_DisplayFaultData)
    Handle_DisplayLPModeSetting              0x00002445   Thumb Code   346  app.o(i.Handle_DisplayLPModeSetting)
    Handle_DisplayMotorRun                   0x000025b9   Thumb Code    64  app.o(i.Handle_DisplayMotorRun)
    Handle_DisplayPressure                   0x00002601   Thumb Code   756  app.o(i.Handle_DisplayPressure)
    Handle_FaultSummaryJudge                 0x00002919   Thumb Code   258  app.o(i.Handle_FaultSummaryJudge)
    Handle_GetKey                            0x00002a2d   Thumb Code    60  key.o(i.Handle_GetKey)
    Handle_KeyDetect                         0x00002a79   Thumb Code   386  key.o(i.Handle_KeyDetect)
    Handle_LCDOff                            0x00002c25   Thumb Code    32  app.o(i.Handle_LCDOff)
    Handle_LPModeTask                        0x00002c49   Thumb Code   266  app.o(i.Handle_LPModeTask)
    Handle_PressureSample                    0x00002d81   Thumb Code   134  app.o(i.Handle_PressureSample)
    Handle_PressureZeroTask                  0x00002e1d   Thumb Code   306  app.o(i.Handle_PressureZeroTask)
    Handle_SwitchFaultDetect                 0x00002f6d   Thumb Code   346  fault.o(i.Handle_SwitchFaultDetect)
    Handle_UartReceDataFromDriver            0x000030f1   Thumb Code   348  uart.o(i.Handle_UartReceDataFromDriver)
    Handle_UartSendDataToDriver              0x0000325d   Thumb Code   110  uart.o(i.Handle_UartSendDataToDriver)
    HardFault_Handler                        0x000032d9   Thumb Code     4  interrupt.o(i.HardFault_Handler)
    HpI2CReceiveBytes                        0x000032dd   Thumb Code    80  hpiic.o(i.HpI2CReceiveBytes)
    HpI2CSendCMD                             0x0000332d   Thumb Code   100  hpiic.o(i.HpI2CSendCMD)
    HpI2C_Init                               0x00003391   Thumb Code   128  hpiic.o(i.HpI2C_Init)
    IWDG_ReloadCounter                       0x00003411   Thumb Code    10  sh32f9xx_sb0_iwdt.o(i.IWDG_ReloadCounter)
    IWDT_Enable                              0x00003421   Thumb Code    76  sh32f9xx_sb0_iwdt.o(i.IWDT_Enable)
    Init_Queue                               0x00003479   Thumb Code    18  queue.o(i.Init_Queue)
    KeyTaskDeal                              0x0000348d   Thumb Code   596  app.o(i.KeyTaskDeal)
    Key_GPIO_Config                          0x00003721   Thumb Code    50  key.o(i.Key_GPIO_Config)
    Key_InBuff                               0x00003759   Thumb Code    52  key.o(i.Key_InBuff)
    LCD_ClearAll                             0x00003799   Thumb Code    32  lcd.o(i.LCD_ClearAll)
    LCD_ClearAllErrorFlag                    0x000037bd   Thumb Code    44  lcd.o(i.LCD_ClearAllErrorFlag)
    LCD_ClearAllMotorFlag                    0x000037e9   Thumb Code    24  lcd.o(i.LCD_ClearAllMotorFlag)
    LCD_ClearMinusFlag                       0x00003801   Thumb Code    54  lcd.o(i.LCD_ClearMinusFlag)
    LCD_ClearNumAndFlag                      0x00003839   Thumb Code   128  lcd.o(i.LCD_ClearNumAndFlag)
    LCD_ClearPointFlag                       0x000038bd   Thumb Code    82  lcd.o(i.LCD_ClearPointFlag)
    LCD_ClearUnitFlag                        0x0000390f   Thumb Code    82  lcd.o(i.LCD_ClearUnitFlag)
    LCD_Config_Init                          0x00003961   Thumb Code   208  lcd.o(i.LCD_Config_Init)
    LCD_DispNum                              0x00003a35   Thumb Code   330  lcd.o(i.LCD_DispNum)
    LCD_DispNumSpecialCode                   0x00003b85   Thumb Code   428  lcd.o(i.LCD_DispNumSpecialCode)
    LCD_DispOrClrFlag                        0x00003d35   Thumb Code  1870  lcd.o(i.LCD_DispOrClrFlag)
    LCD_DispalyAll                           0x00004489   Thumb Code    36  lcd.o(i.LCD_DispalyAll)
    LCD_GPIO_Config                          0x000044b1   Thumb Code   136  lcd.o(i.LCD_GPIO_Config)
    LCD_Init                                 0x0000453d   Thumb Code    16  sh32f9xx_sb0_lcd.o(i.LCD_Init)
    LCD_OnOff                                0x0000454d   Thumb Code    50  sh32f9xx_sb0_lcd.o(i.LCD_OnOff)
    LCD_PowerOnDisplay                       0x00004589   Thumb Code   200  lcd.o(i.LCD_PowerOnDisplay)
    LCD_StructInit                           0x00004665   Thumb Code   140  sh32f9xx_sb0_lcd.o(i.LCD_StructInit)
    LED_GPIO_Config                          0x000046f1   Thumb Code    66  lcd.o(i.LED_GPIO_Config)
    LPValueSample                            0x00004739   Thumb Code   232  lpiic.o(i.LPValueSample)
    LP_IIC_Ack                               0x0000483d   Thumb Code    52  lpiic.o(i.LP_IIC_Ack)
    LP_IIC_GPIO_Init                         0x00004875   Thumb Code    72  lpiic.o(i.LP_IIC_GPIO_Init)
    LP_IIC_NAck                              0x000048c1   Thumb Code    52  lpiic.o(i.LP_IIC_NAck)
    LP_IIC_Read_Byte                         0x000048f9   Thumb Code    84  lpiic.o(i.LP_IIC_Read_Byte)
    LP_IIC_SDA_InMode                        0x00004951   Thumb Code    28  lpiic.o(i.LP_IIC_SDA_InMode)
    LP_IIC_SDA_OutMode                       0x00004971   Thumb Code    38  lpiic.o(i.LP_IIC_SDA_OutMode)
    LP_IIC_Send_Byte                         0x0000499d   Thumb Code    90  lpiic.o(i.LP_IIC_Send_Byte)
    LP_IIC_Start                             0x000049fd   Thumb Code    52  lpiic.o(i.LP_IIC_Start)
    LP_IIC_Stop                              0x00004a35   Thumb Code    52  lpiic.o(i.LP_IIC_Stop)
    LP_IIC_Wait_Ack                          0x00004a6d   Thumb Code    78  lpiic.o(i.LP_IIC_Wait_Ack)
    LSI_TURNON                               0x00004ac1   Thumb Code    52  lcd.o(i.LSI_TURNON)
    LpI2CReceiveBytes                        0x00004af9   Thumb Code    80  lpiic.o(i.LpI2CReceiveBytes)
    LpI2CSendCMD                             0x00004b49   Thumb Code   100  lpiic.o(i.LpI2CSendCMD)
    LpI2C_Init                               0x00004bad   Thumb Code   128  lpiic.o(i.LpI2C_Init)
    MemManage_Handler                        0x00004c2d   Thumb Code     4  interrupt.o(i.MemManage_Handler)
    NMI_Handler                              0x00004c31   Thumb Code     2  interrupt.o(i.NMI_Handler)
    NVIC_Init                                0x00004c35   Thumb Code   146  sh32f9xx_sb0_nvic.o(i.NVIC_Init)
    NVIC_PriorityGroupConfig                 0x00004cdd   Thumb Code    70  sh32f9xx_sb0_nvic.o(i.NVIC_PriorityGroupConfig)
    PendSV_Handler                           0x00004d31   Thumb Code     2  interrupt.o(i.PendSV_Handler)
    RCC_AHBPeriphClockOnOff                  0x00004d35   Thumb Code   100  sh32f9xx_sb0_rcc.o(i.RCC_AHBPeriphClockOnOff)
    RCC_APB0PeriphClockOnOff                 0x00004da1   Thumb Code    92  sh32f9xx_sb0_rcc.o(i.RCC_APB0PeriphClockOnOff)
    RCC_APB1PeriphClockOnOff                 0x00004e05   Thumb Code    94  sh32f9xx_sb0_rcc.o(i.RCC_APB1PeriphClockOnOff)
    RCC_GetClocksFreq                        0x00004e6d   Thumb Code   402  sh32f9xx_sb0_rcc.o(i.RCC_GetClocksFreq)
    SVC_Handler                              0x0000500d   Thumb Code     2  interrupt.o(i.SVC_Handler)
    SW_ERROR_GPIO_Config                     0x00005011   Thumb Code    46  fault.o(i.SW_ERROR_GPIO_Config)
    SYSCFG_VLVRConfig                        0x00005045   Thumb Code    50  sh32f9xx_sb0_syscfg.o(i.SYSCFG_VLVRConfig)
    SensorPowerTrig_GPIO_Config              0x00005081   Thumb Code    82  lpiic.o(i.SensorPowerTrig_GPIO_Config)
    SetResolutionFive                        0x000050d9   Thumb Code    82  app.o(i.SetResolutionFive)
    SoftTimer_Check                          0x00005239   Thumb Code    34  timer.o(i.SoftTimer_Check)
    SoftTimer_Setup                          0x00005265   Thumb Code    22  timer.o(i.SoftTimer_Setup)
    SysTick_Handler                          0x00005285   Thumb Code     2  interrupt.o(i.SysTick_Handler)
    SystemInit                               0x00005287   Thumb Code     8  system_sh32f9xx_sb0.o(i.SystemInit)
    TIM5_Config                              0x00005291   Thumb Code   100  timer.o(i.TIM5_Config)
    TIM5_Handler                             0x000052f9   Thumb Code    44  timer.o(i.TIM5_Handler)
    TIM_ClearFlag                            0x0000532d   Thumb Code    48  sh32f9xx_sb0_timer.o(i.TIM_ClearFlag)
    TIM_INTConfig                            0x00005371   Thumb Code    78  sh32f9xx_sb0_timer.o(i.TIM_INTConfig)
    TIM_Init                                 0x000053d5   Thumb Code   126  sh32f9xx_sb0_timer.o(i.TIM_Init)
    TIM_OnOff                                0x00005469   Thumb Code    78  sh32f9xx_sb0_timer.o(i.TIM_OnOff)
    TIM_StructInit                           0x000054cd   Thumb Code    14  sh32f9xx_sb0_timer.o(i.TIM_StructInit)
    UART2_Config                             0x000054dd   Thumb Code   164  uart.o(i.UART2_Config)
    UART2_Handler                            0x00005589   Thumb Code    32  interrupt.o(i.UART2_Handler)
    UART_GetFlagStatus                       0x000055b1   Thumb Code   110  sh32f9xx_sb0_uart.o(i.UART_GetFlagStatus)
    UART_INTConfig                           0x0000563d   Thumb Code   114  sh32f9xx_sb0_uart.o(i.UART_INTConfig)
    UART_Init                                0x000056cd   Thumb Code   774  sh32f9xx_sb0_uart.o(i.UART_Init)
    UART_ReceiveBytes                        0x000059f1   Thumb Code    90  uart.o(i.UART_ReceiveBytes)
    UART_ReceiveData                         0x00005a4d   Thumb Code    88  sh32f9xx_sb0_uart.o(i.UART_ReceiveData)
    UART_SendData                            0x00005ac1   Thumb Code    58  sh32f9xx_sb0_uart.o(i.UART_SendData)
    UsageFault_Handler                       0x00005b19   Thumb Code     4  interrupt.o(i.UsageFault_Handler)
    assert_failed                            0x00005b1d   Thumb Code    18  sh32f9xx_sb0_retarget.o(i.assert_failed)
    delay_init                               0x00005b49   Thumb Code    22  delay.o(i.delay_init)
    delay_ms                                 0x00005b69   Thumb Code    24  delay.o(i.delay_ms)
    delay_us                                 0x00005b81   Thumb Code    72  delay.o(i.delay_us)
    fputc                                    0x00005bcd   Thumb Code    28  sh32f9xx_sb0_retarget.o(i.fputc)
    main                                     0x00005bed   Thumb Code   408  main.o(i.main)
    uart_send                                0x00005da1   Thumb Code    22  sh32f9xx_sb0_retarget.o(i.uart_send)
    value_init                               0x00005db9   Thumb Code   166  app.o(i.value_init)
    __aeabi_d2f                              0x00005e75   Thumb Code     0  d2f.o(x$fpl$d2f)
    _d2f                                     0x00005e75   Thumb Code    98  d2f.o(x$fpl$d2f)
    __fpl_dcmp_Inf                           0x00005ed7   Thumb Code    24  dcmpi.o(x$fpl$dcmpinf)
    __aeabi_ddiv                             0x00005ef1   Thumb Code     0  ddiv.o(x$fpl$ddiv)
    _ddiv                                    0x00005ef1   Thumb Code   552  ddiv.o(x$fpl$ddiv)
    __aeabi_d2iz                             0x000061a1   Thumb Code     0  dfix.o(x$fpl$dfix)
    _dfix                                    0x000061a1   Thumb Code    94  dfix.o(x$fpl$dfix)
    __aeabi_cdcmple                          0x00006201   Thumb Code     0  dleqf.o(x$fpl$dleqf)
    _dcmple                                  0x00006201   Thumb Code   120  dleqf.o(x$fpl$dleqf)
    __fpl_dcmple_InfNaN                      0x00006263   Thumb Code     0  dleqf.o(x$fpl$dleqf)
    __aeabi_dmul                             0x00006279   Thumb Code     0  dmul.o(x$fpl$dmul)
    _dmul                                    0x00006279   Thumb Code   332  dmul.o(x$fpl$dmul)
    __fpl_dnaninf                            0x000063cd   Thumb Code   156  dnaninf.o(x$fpl$dnaninf)
    __fpl_dretinf                            0x00006469   Thumb Code    12  dretinf.o(x$fpl$dretinf)
    __aeabi_f2d                              0x00006475   Thumb Code     0  f2d.o(x$fpl$f2d)
    _f2d                                     0x00006475   Thumb Code    86  f2d.o(x$fpl$f2d)
    __aeabi_fadd                             0x000064cd   Thumb Code     0  faddsub_clz.o(x$fpl$fadd)
    _fadd                                    0x000064cd   Thumb Code   196  faddsub_clz.o(x$fpl$fadd)
    __aeabi_fdiv                             0x00006591   Thumb Code     0  fdiv.o(x$fpl$fdiv)
    _fdiv                                    0x00006591   Thumb Code   384  fdiv.o(x$fpl$fdiv)
    __aeabi_i2f                              0x00006715   Thumb Code     0  fflt_clz.o(x$fpl$fflt)
    _fflt                                    0x00006715   Thumb Code    48  fflt_clz.o(x$fpl$fflt)
    __aeabi_ui2f                             0x00006745   Thumb Code     0  fflt_clz.o(x$fpl$ffltu)
    _ffltu                                   0x00006745   Thumb Code    38  fflt_clz.o(x$fpl$ffltu)
    __fpl_fnaninf                            0x0000676b   Thumb Code   140  fnaninf.o(x$fpl$fnaninf)
    __fpl_fretinf                            0x000067f7   Thumb Code    10  fretinf.o(x$fpl$fretinf)
    __aeabi_fsub                             0x00006801   Thumb Code     0  faddsub_clz.o(x$fpl$fsub)
    _fsub                                    0x00006801   Thumb Code   234  faddsub_clz.o(x$fpl$fsub)
    __I$use$fp                               0x000068ea   Number         0  usenofp.o(x$fpl$usenofp)
    TimerDelay                               0x000068ec   Data          12  timer.o(.constdata)
    Region$$Table$$Base                      0x00006bf0   Number         0  anon$$obj.o(Region$$Table)
    Region$$Table$$Limit                     0x00006c10   Number         0  anon$$obj.o(Region$$Table)
    g_u8SwitchOnOffFlag                      0x20000000   Data           1  main.o(.data)
    g_u8SystemResetFlag                      0x20000001   Data           1  main.o(.data)
    __stdout                                 0x20000004   Data           4  sh32f9xx_sb0_retarget.o(.data)
    __stdin                                  0x20000008   Data           4  sh32f9xx_sb0_retarget.o(.data)
    MAC_STA                                  0x2000000c   Data           3  app.o(.data)
    MAC_FAULT                                0x2000000f   Data           8  app.o(.data)
    MAC_SET                                  0x20000017   Data           4  app.o(.data)
    g_OcpHardFlag                            0x2000001b   Data           1  app.o(.data)
    PFC_OverCurrent                          0x2000001c   Data           1  app.o(.data)
    motorLockedRotor                         0x2000001d   Data           1  app.o(.data)
    motorPhaseLoss                           0x2000001e   Data           1  app.o(.data)
    g_PcbaTempHighFlag                       0x2000001f   Data           1  app.o(.data)
    g_MotorNtcErrFlag                        0x20000020   Data           1  app.o(.data)
    enterLPModeFlag                          0x20000021   Data           1  app.o(.data)
    LPModeQuitCountDown_500ms                0x20000022   Data           1  app.o(.data)
    LPModeAutoQuitDelay_500ms                0x20000023   Data           1  app.o(.data)
    LP_first_flag                            0x20000024   Data           1  app.o(.data)
    LP_ProtCnt                               0x20000025   Data           1  app.o(.data)
    OnlyLPProtFlag                           0x20000026   Data           1  app.o(.data)
    g_CancelAlarmFlag                        0x20000027   Data           1  app.o(.data)
    g_PrsZeroKeyFlag                         0x20000028   Data           1  app.o(.data)
    g_OFPMonitorFlag                         0x20000029   Data           1  app.o(.data)
    twi                                      0x20000036   Data          19  uart.o(.data)
    LCD_NUM_CODE                             0x20000052   Data          22  lcd.o(.data)
    KeyBuff                                  0x20000080   Data           2  key.o(.data)
    cur_key_no                               0x20000083   Data           1  key.o(.data)
    g_ShieldDrvErrCnt_10ms                   0x20000090   Data           2  fault.o(.data)
    g_SWVoltValue                            0x20000098   Data           4  adc.o(.data)
    g_VinVoltValue                           0x2000009c   Data           4  adc.o(.data)
    PRS_ZERO                                 0x200000b4   Data          20  app.o(.bss)
    PRESSURE                                 0x200000c8   Data          20  app.o(.bss)
    BEEP                                     0x200000dc   Data          10  app.o(.bss)
    g_tDriveInfo                             0x200000e6   Data          12  app.o(.bss)
    g_stQueue                                0x200000f2   Data         106  uart.o(.bss)
    Eeprom_BUF                               0x20000168   Data        1024  eeprom.o(.bss)
    __libspace_start                         0x20000588   Data          96  libspace.o(.bss)
    __temporary_stack_top$libspace           0x200005e8   Data           0  libspace.o(.bss)



==============================================================================

Memory Map of the image

  Image Entry point : 0x000000e9

  Load Region LR_IROM1 (Base: 0x00000000, Size: 0x00006cc4, Max: 0x00040000, ABSOLUTE)

    Execution Region ER_IROM1 (Exec base: 0x00000000, Load base: 0x00000000, Size: 0x00006c10, Max: 0x00040000, ABSOLUTE)

    Exec Addr    Load Addr    Size         Type   Attr      Idx    E Section Name        Object

    0x00000000   0x00000000   0x000000e8   Data   RO            3    RESET               startup_sh32f9001_keil.o
    0x000000e8   0x000000e8   0x00000008   Code   RO         2462  * !!!main             c_w.l(__main.o)
    0x000000f0   0x000000f0   0x00000034   Code   RO         2679    !!!scatter          c_w.l(__scatter.o)
    0x00000124   0x00000124   0x0000001a   Code   RO         2681    !!handler_copy      c_w.l(__scatter_copy.o)
    0x0000013e   0x0000013e   0x00000002   PAD
    0x00000140   0x00000140   0x0000001c   Code   RO         2683    !!handler_zi        c_w.l(__scatter_zi.o)
    0x0000015c   0x0000015c   0x00000000   Code   RO         2457    .ARM.Collect$$_printf_percent$$00000000  c_w.l(_printf_percent.o)
    0x0000015c   0x0000015c   0x00000006   Code   RO         2456    .ARM.Collect$$_printf_percent$$00000009  c_w.l(_printf_d.o)
    0x00000162   0x00000162   0x00000006   Code   RO         2455    .ARM.Collect$$_printf_percent$$00000014  c_w.l(_printf_s.o)
    0x00000168   0x00000168   0x00000004   Code   RO         2503    .ARM.Collect$$_printf_percent$$00000017  c_w.l(_printf_percent_end.o)
    0x0000016c   0x0000016c   0x00000002   Code   RO         2547    .ARM.Collect$$libinit$$00000000  c_w.l(libinit.o)
    0x0000016e   0x0000016e   0x00000000   Code   RO         2554    .ARM.Collect$$libinit$$00000002  c_w.l(libinit2.o)
    0x0000016e   0x0000016e   0x00000000   Code   RO         2556    .ARM.Collect$$libinit$$00000004  c_w.l(libinit2.o)
    0x0000016e   0x0000016e   0x00000000   Code   RO         2559    .ARM.Collect$$libinit$$0000000A  c_w.l(libinit2.o)
    0x0000016e   0x0000016e   0x00000000   Code   RO         2561    .ARM.Collect$$libinit$$0000000C  c_w.l(libinit2.o)
    0x0000016e   0x0000016e   0x00000000   Code   RO         2563    .ARM.Collect$$libinit$$0000000E  c_w.l(libinit2.o)
    0x0000016e   0x0000016e   0x00000000   Code   RO         2566    .ARM.Collect$$libinit$$00000011  c_w.l(libinit2.o)
    0x0000016e   0x0000016e   0x00000000   Code   RO         2568    .ARM.Collect$$libinit$$00000013  c_w.l(libinit2.o)
    0x0000016e   0x0000016e   0x00000000   Code   RO         2570    .ARM.Collect$$libinit$$00000015  c_w.l(libinit2.o)
    0x0000016e   0x0000016e   0x00000000   Code   RO         2572    .ARM.Collect$$libinit$$00000017  c_w.l(libinit2.o)
    0x0000016e   0x0000016e   0x00000000   Code   RO         2574    .ARM.Collect$$libinit$$00000019  c_w.l(libinit2.o)
    0x0000016e   0x0000016e   0x00000000   Code   RO         2576    .ARM.Collect$$libinit$$0000001B  c_w.l(libinit2.o)
    0x0000016e   0x0000016e   0x00000000   Code   RO         2578    .ARM.Collect$$libinit$$0000001D  c_w.l(libinit2.o)
    0x0000016e   0x0000016e   0x00000000   Code   RO         2580    .ARM.Collect$$libinit$$0000001F  c_w.l(libinit2.o)
    0x0000016e   0x0000016e   0x00000000   Code   RO         2582    .ARM.Collect$$libinit$$00000021  c_w.l(libinit2.o)
    0x0000016e   0x0000016e   0x00000000   Code   RO         2584    .ARM.Collect$$libinit$$00000023  c_w.l(libinit2.o)
    0x0000016e   0x0000016e   0x00000000   Code   RO         2586    .ARM.Collect$$libinit$$00000025  c_w.l(libinit2.o)
    0x0000016e   0x0000016e   0x00000000   Code   RO         2590    .ARM.Collect$$libinit$$0000002C  c_w.l(libinit2.o)
    0x0000016e   0x0000016e   0x00000000   Code   RO         2592    .ARM.Collect$$libinit$$0000002E  c_w.l(libinit2.o)
    0x0000016e   0x0000016e   0x00000000   Code   RO         2594    .ARM.Collect$$libinit$$00000030  c_w.l(libinit2.o)
    0x0000016e   0x0000016e   0x00000000   Code   RO         2596    .ARM.Collect$$libinit$$00000032  c_w.l(libinit2.o)
    0x0000016e   0x0000016e   0x00000002   Code   RO         2597    .ARM.Collect$$libinit$$00000033  c_w.l(libinit2.o)
    0x00000170   0x00000170   0x00000002   Code   RO         2617    .ARM.Collect$$libshutdown$$00000000  c_w.l(libshutdown.o)
    0x00000172   0x00000172   0x00000000   Code   RO         2630    .ARM.Collect$$libshutdown$$00000002  c_w.l(libshutdown2.o)
    0x00000172   0x00000172   0x00000000   Code   RO         2632    .ARM.Collect$$libshutdown$$00000004  c_w.l(libshutdown2.o)
    0x00000172   0x00000172   0x00000000   Code   RO         2634    .ARM.Collect$$libshutdown$$00000006  c_w.l(libshutdown2.o)
    0x00000172   0x00000172   0x00000000   Code   RO         2637    .ARM.Collect$$libshutdown$$00000009  c_w.l(libshutdown2.o)
    0x00000172   0x00000172   0x00000000   Code   RO         2640    .ARM.Collect$$libshutdown$$0000000C  c_w.l(libshutdown2.o)
    0x00000172   0x00000172   0x00000000   Code   RO         2642    .ARM.Collect$$libshutdown$$0000000E  c_w.l(libshutdown2.o)
    0x00000172   0x00000172   0x00000000   Code   RO         2645    .ARM.Collect$$libshutdown$$00000011  c_w.l(libshutdown2.o)
    0x00000172   0x00000172   0x00000002   Code   RO         2646    .ARM.Collect$$libshutdown$$00000012  c_w.l(libshutdown2.o)
    0x00000174   0x00000174   0x00000000   Code   RO         2496    .ARM.Collect$$rtentry$$00000000  c_w.l(__rtentry.o)
    0x00000174   0x00000174   0x00000000   Code   RO         2516    .ARM.Collect$$rtentry$$00000002  c_w.l(__rtentry2.o)
    0x00000174   0x00000174   0x00000006   Code   RO         2528    .ARM.Collect$$rtentry$$00000004  c_w.l(__rtentry4.o)
    0x0000017a   0x0000017a   0x00000000   Code   RO         2518    .ARM.Collect$$rtentry$$00000009  c_w.l(__rtentry2.o)
    0x0000017a   0x0000017a   0x00000004   Code   RO         2519    .ARM.Collect$$rtentry$$0000000A  c_w.l(__rtentry2.o)
    0x0000017e   0x0000017e   0x00000000   Code   RO         2521    .ARM.Collect$$rtentry$$0000000C  c_w.l(__rtentry2.o)
    0x0000017e   0x0000017e   0x00000008   Code   RO         2522    .ARM.Collect$$rtentry$$0000000D  c_w.l(__rtentry2.o)
    0x00000186   0x00000186   0x00000002   Code   RO         2551    .ARM.Collect$$rtexit$$00000000  c_w.l(rtexit.o)
    0x00000188   0x00000188   0x00000000   Code   RO         2599    .ARM.Collect$$rtexit$$00000002  c_w.l(rtexit2.o)
    0x00000188   0x00000188   0x00000004   Code   RO         2600    .ARM.Collect$$rtexit$$00000003  c_w.l(rtexit2.o)
    0x0000018c   0x0000018c   0x00000006   Code   RO         2601    .ARM.Collect$$rtexit$$00000004  c_w.l(rtexit2.o)
    0x00000192   0x00000192   0x00000002   PAD
    0x00000194   0x00000194   0x00000044   Code   RO            4    .text               startup_sh32f9001_keil.o
    0x000001d8   0x000001d8   0x00000018   Code   RO         2427    .text               c_w.l(noretval__2printf.o)
    0x000001f0   0x000001f0   0x00000068   Code   RO         2429    .text               c_w.l(__printf.o)
    0x00000258   0x00000258   0x00000052   Code   RO         2431    .text               c_w.l(_printf_str.o)
    0x000002aa   0x000002aa   0x00000002   PAD
    0x000002ac   0x000002ac   0x00000078   Code   RO         2433    .text               c_w.l(_printf_dec.o)
    0x00000324   0x00000324   0x0000004e   Code   RO         2458    .text               c_w.l(rt_memclr_w.o)
    0x00000372   0x00000372   0x00000006   Code   RO         2460    .text               c_w.l(heapauxi.o)
    0x00000378   0x00000378   0x000000b2   Code   RO         2497    .text               c_w.l(_printf_intcommon.o)
    0x0000042a   0x0000042a   0x0000002c   Code   RO         2499    .text               c_w.l(_printf_char.o)
    0x00000456   0x00000456   0x00000002   PAD
    0x00000458   0x00000458   0x00000024   Code   RO         2501    .text               c_w.l(_printf_char_file.o)
    0x0000047c   0x0000047c   0x00000030   Code   RO         2530    .text               c_w.l(_printf_char_common.o)
    0x000004ac   0x000004ac   0x00000008   Code   RO         2532    .text               c_w.l(ferror.o)
    0x000004b4   0x000004b4   0x0000004a   Code   RO         2536    .text               c_w.l(sys_stackheap_outer.o)
    0x000004fe   0x000004fe   0x00000012   Code   RO         2540    .text               c_w.l(exit.o)
    0x00000510   0x00000510   0x00000008   Code   RO         2548    .text               c_w.l(libspace.o)
    0x00000518   0x00000518   0x0000000c   Code   RO         2609    .text               c_w.l(sys_exit.o)
    0x00000524   0x00000524   0x00000002   Code   RO         2620    .text               c_w.l(use_no_semi.o)
    0x00000526   0x00000526   0x00000000   Code   RO         2622    .text               c_w.l(indicate_semi.o)
    0x00000526   0x00000526   0x00000002   PAD
    0x00000528   0x00000528   0x00000154   Code   RO         2270    i.ADC_ChannelConfig  sh32f9xx_sb0_adc.o
    0x0000067c   0x0000067c   0x00000040   Code   RO         2271    i.ADC_ClearFlag     sh32f9xx_sb0_adc.o
    0x000006bc   0x000006bc   0x0000003c   Code   RO         1147    i.ADC_GPIO_Config   adc.o
    0x000006f8   0x000006f8   0x00000058   Code   RO         2274    i.ADC_GetConversionValue  sh32f9xx_sb0_adc.o
    0x00000750   0x00000750   0x00000048   Code   RO         2275    i.ADC_GetFlagStatus  sh32f9xx_sb0_adc.o
    0x00000798   0x00000798   0x00000298   Code   RO         2278    i.ADC_Init          sh32f9xx_sb0_adc.o
    0x00000a30   0x00000a30   0x0000000c   Code   RO         1148    i.ADC_Init_Config   adc.o
    0x00000a3c   0x00000a3c   0x00000080   Code   RO         1149    i.ADC_Mode_Config   adc.o
    0x00000abc   0x00000abc   0x00000044   Code   RO         2279    i.ADC_OnOff         sh32f9xx_sb0_adc.o
    0x00000b00   0x00000b00   0x00000028   Code   RO         2282    i.ADC_SoftwareStartConversion  sh32f9xx_sb0_adc.o
    0x00000b28   0x00000b28   0x0000001e   Code   RO         2284    i.ADC_StructInit    sh32f9xx_sb0_adc.o
    0x00000b46   0x00000b46   0x00000002   PAD
    0x00000b48   0x00000b48   0x00000048   Code   RO         1008    i.Beep_GPIO_Config  beep.o
    0x00000b90   0x00000b90   0x0000000c   Code   RO         1009    i.Beep_ResetMode3   beep.o
    0x00000b9c   0x00000b9c   0x00000020   Code   RO         1010    i.Beep_SetMode1     beep.o
    0x00000bbc   0x00000bbc   0x00000014   Code   RO         1011    i.Beep_SetMode2     beep.o
    0x00000bd0   0x00000bd0   0x0000000c   Code   RO         1012    i.Beep_SetMode3     beep.o
    0x00000bdc   0x00000bdc   0x00000004   Code   RO          187    i.BusFault_Handler  interrupt.o
    0x00000be0   0x00000be0   0x00000032   Code   RO         1192    i.De_Queue          queue.o
    0x00000c12   0x00000c12   0x00000002   Code   RO          188    i.DebugMon_Handler  interrupt.o
    0x00000c14   0x00000c14   0x00000344   Code   RO          346    i.DisplayPressureValue  app.o
    0x00000f58   0x00000f58   0x00000084   Code   RO          731    i.E2_InitSystemData  eeprom.o
    0x00000fdc   0x00000fdc   0x000000c0   Code   RO          732    i.E2_Write_DataStr_HalfWord  eeprom.o
    0x0000109c   0x0000109c   0x00000060   Code   RO          733    i.E2_Write_DataStr_HalfWord_NoCheck  eeprom.o
    0x000010fc   0x000010fc   0x00000034   Code   RO         1193    i.En_Queue          queue.o
    0x00001130   0x00001130   0x00000024   Code   RO         1947    i.FLASH_CacheReset  sh32f9xx_sb0_flash.o
    0x00001154   0x00001154   0x00000030   Code   RO         1949    i.FLASH_ClearFlag   sh32f9xx_sb0_flash.o
    0x00001184   0x00001184   0x00000018   Code   RO         1950    i.FLASH_Clear_PGMWindow  sh32f9xx_sb0_flash.o
    0x0000119c   0x0000119c   0x0000005c   Code   RO         1952    i.FLASH_E2_EraseSector  sh32f9xx_sb0_flash.o
    0x000011f8   0x000011f8   0x0000000c   Code   RO         1953    i.FLASH_E2_Lock     sh32f9xx_sb0_flash.o
    0x00001204   0x00001204   0x0000008c   Code   RO         1954    i.FLASH_E2_ProgramHalfWord  sh32f9xx_sb0_flash.o
    0x00001290   0x00001290   0x00000090   Code   RO         1956    i.FLASH_E2_ProgramPage_HalfWord  sh32f9xx_sb0_flash.o
    0x00001320   0x00001320   0x00000024   Code   RO         1958    i.FLASH_E2_ReadByte  sh32f9xx_sb0_flash.o
    0x00001344   0x00001344   0x00000050   Code   RO         1959    i.FLASH_E2_Unlock   sh32f9xx_sb0_flash.o
    0x00001394   0x00001394   0x0000007c   Code   RO         1965    i.FLASH_GetStatus   sh32f9xx_sb0_flash.o
    0x00001410   0x00001410   0x00000018   Code   RO         1990    i.FLASH_Set_PGMWindow  sh32f9xx_sb0_flash.o
    0x00001428   0x00001428   0x00000054   Code   RO         1992    i.FLASH_Verify_Byte  sh32f9xx_sb0_flash.o
    0x0000147c   0x0000147c   0x00000022   Code   RO         1994    i.FLASH_WaitForLastOperation  sh32f9xx_sb0_flash.o
    0x0000149e   0x0000149e   0x00000002   PAD
    0x000014a0   0x000014a0   0x00000018   Code   RO          737    i.GET_LVRENValue    eeprom.o
    0x000014b8   0x000014b8   0x0000017c   Code   RO         1255    i.GPIO_Init         sh32f9xx_sb0_gpio.o
    0x00001634   0x00001634   0x00000130   Code   RO         1256    i.GPIO_PinAFConfig  sh32f9xx_sb0_gpio.o
    0x00001764   0x00001764   0x00000044   Code   RO         1259    i.GPIO_ReadInputData  sh32f9xx_sb0_gpio.o
    0x000017a8   0x000017a8   0x000000b0   Code   RO         1260    i.GPIO_ReadInputDataBit  sh32f9xx_sb0_gpio.o
    0x00001858   0x00001858   0x00000058   Code   RO         1264    i.GPIO_ResetBits    sh32f9xx_sb0_gpio.o
    0x000018b0   0x000018b0   0x00000058   Code   RO         1265    i.GPIO_SetBits      sh32f9xx_sb0_gpio.o
    0x00001908   0x00001908   0x00000008   Code   RO         1194    i.GetLength         queue.o
    0x00001910   0x00001910   0x00000104   Code   RO          904    i.HPValueSample     hpiic.o
    0x00001a14   0x00001a14   0x00000038   Code   RO          905    i.HP_IIC_Ack        hpiic.o
    0x00001a4c   0x00001a4c   0x0000004c   Code   RO          906    i.HP_IIC_GPIO_Init  hpiic.o
    0x00001a98   0x00001a98   0x00000038   Code   RO          907    i.HP_IIC_NAck       hpiic.o
    0x00001ad0   0x00001ad0   0x00000058   Code   RO          908    i.HP_IIC_Read_Byte  hpiic.o
    0x00001b28   0x00001b28   0x00000020   Code   RO          909    i.HP_IIC_SDA_InMode  hpiic.o
    0x00001b48   0x00001b48   0x0000002c   Code   RO          910    i.HP_IIC_SDA_OutMode  hpiic.o
    0x00001b74   0x00001b74   0x00000060   Code   RO          911    i.HP_IIC_Send_Byte  hpiic.o
    0x00001bd4   0x00001bd4   0x00000038   Code   RO          912    i.HP_IIC_Start      hpiic.o
    0x00001c0c   0x00001c0c   0x00000038   Code   RO          913    i.HP_IIC_Stop       hpiic.o
    0x00001c44   0x00001c44   0x00000054   Code   RO          914    i.HP_IIC_Wait_Ack   hpiic.o
    0x00001c98   0x00001c98   0x00000214   Code   RO         1150    i.Handle_ADCSampleTask  adc.o
    0x00001eac   0x00001eac   0x000002f0   Code   RO         1013    i.Handle_BeepControl  beep.o
    0x0000219c   0x0000219c   0x000002a8   Code   RO          347    i.Handle_DisplayFaultData  app.o
    0x00002444   0x00002444   0x00000174   Code   RO          348    i.Handle_DisplayLPModeSetting  app.o
    0x000025b8   0x000025b8   0x00000048   Code   RO          349    i.Handle_DisplayMotorRun  app.o
    0x00002600   0x00002600   0x00000318   Code   RO          350    i.Handle_DisplayPressure  app.o
    0x00002918   0x00002918   0x00000114   Code   RO          351    i.Handle_FaultSummaryJudge  app.o
    0x00002a2c   0x00002a2c   0x0000004c   Code   RO         1063    i.Handle_GetKey     key.o
    0x00002a78   0x00002a78   0x000001ac   Code   RO         1064    i.Handle_KeyDetect  key.o
    0x00002c24   0x00002c24   0x00000024   Code   RO          352    i.Handle_LCDOff     app.o
    0x00002c48   0x00002c48   0x00000138   Code   RO          353    i.Handle_LPModeTask  app.o
    0x00002d80   0x00002d80   0x0000009c   Code   RO          354    i.Handle_PressureSample  app.o
    0x00002e1c   0x00002e1c   0x00000150   Code   RO          355    i.Handle_PressureZeroTask  app.o
    0x00002f6c   0x00002f6c   0x00000184   Code   RO         1111    i.Handle_SwitchFaultDetect  fault.o
    0x000030f0   0x000030f0   0x0000016c   Code   RO          490    i.Handle_UartReceDataFromDriver  uart.o
    0x0000325c   0x0000325c   0x0000007c   Code   RO          491    i.Handle_UartSendDataToDriver  uart.o
    0x000032d8   0x000032d8   0x00000004   Code   RO          189    i.HardFault_Handler  interrupt.o
    0x000032dc   0x000032dc   0x00000050   Code   RO          915    i.HpI2CReceiveBytes  hpiic.o
    0x0000332c   0x0000332c   0x00000064   Code   RO          916    i.HpI2CSendCMD      hpiic.o
    0x00003390   0x00003390   0x00000080   Code   RO          917    i.HpI2C_Init        hpiic.o
    0x00003410   0x00003410   0x00000010   Code   RO         1364    i.IWDG_ReloadCounter  sh32f9xx_sb0_iwdt.o
    0x00003420   0x00003420   0x00000058   Code   RO         1365    i.IWDT_Enable       sh32f9xx_sb0_iwdt.o
    0x00003478   0x00003478   0x00000012   Code   RO         1195    i.Init_Queue        queue.o
    0x0000348a   0x0000348a   0x00000002   PAD
    0x0000348c   0x0000348c   0x00000294   Code   RO          356    i.KeyTaskDeal       app.o
    0x00003720   0x00003720   0x00000038   Code   RO         1065    i.Key_GPIO_Config   key.o
    0x00003758   0x00003758   0x00000040   Code   RO         1066    i.Key_InBuff        key.o
    0x00003798   0x00003798   0x00000024   Code   RO          543    i.LCD_ClearAll      lcd.o
    0x000037bc   0x000037bc   0x0000002c   Code   RO          544    i.LCD_ClearAllErrorFlag  lcd.o
    0x000037e8   0x000037e8   0x00000018   Code   RO          545    i.LCD_ClearAllMotorFlag  lcd.o
    0x00003800   0x00003800   0x00000036   Code   RO          546    i.LCD_ClearMinusFlag  lcd.o
    0x00003836   0x00003836   0x00000002   PAD
    0x00003838   0x00003838   0x00000084   Code   RO          547    i.LCD_ClearNumAndFlag  lcd.o
    0x000038bc   0x000038bc   0x00000052   Code   RO          548    i.LCD_ClearPointFlag  lcd.o
    0x0000390e   0x0000390e   0x00000052   Code   RO          549    i.LCD_ClearUnitFlag  lcd.o
    0x00003960   0x00003960   0x000000d4   Code   RO          550    i.LCD_Config_Init   lcd.o
    0x00003a34   0x00003a34   0x00000150   Code   RO          552    i.LCD_DispNum       lcd.o
    0x00003b84   0x00003b84   0x000001b0   Code   RO          553    i.LCD_DispNumSpecialCode  lcd.o
    0x00003d34   0x00003d34   0x00000754   Code   RO          554    i.LCD_DispOrClrFlag  lcd.o
    0x00004488   0x00004488   0x00000028   Code   RO          555    i.LCD_DispalyAll    lcd.o
    0x000044b0   0x000044b0   0x0000008c   Code   RO          556    i.LCD_GPIO_Config   lcd.o
    0x0000453c   0x0000453c   0x00000010   Code   RO         1852    i.LCD_Init          sh32f9xx_sb0_lcd.o
    0x0000454c   0x0000454c   0x0000003c   Code   RO         1853    i.LCD_OnOff         sh32f9xx_sb0_lcd.o
    0x00004588   0x00004588   0x000000dc   Code   RO          557    i.LCD_PowerOnDisplay  lcd.o
    0x00004664   0x00004664   0x0000008c   Code   RO         1854    i.LCD_StructInit    sh32f9xx_sb0_lcd.o
    0x000046f0   0x000046f0   0x00000048   Code   RO          558    i.LED_GPIO_Config   lcd.o
    0x00004738   0x00004738   0x00000104   Code   RO          794    i.LPValueSample     lpiic.o
    0x0000483c   0x0000483c   0x00000038   Code   RO          795    i.LP_IIC_Ack        lpiic.o
    0x00004874   0x00004874   0x0000004c   Code   RO          796    i.LP_IIC_GPIO_Init  lpiic.o
    0x000048c0   0x000048c0   0x00000038   Code   RO          797    i.LP_IIC_NAck       lpiic.o
    0x000048f8   0x000048f8   0x00000058   Code   RO          798    i.LP_IIC_Read_Byte  lpiic.o
    0x00004950   0x00004950   0x00000020   Code   RO          799    i.LP_IIC_SDA_InMode  lpiic.o
    0x00004970   0x00004970   0x0000002c   Code   RO          800    i.LP_IIC_SDA_OutMode  lpiic.o
    0x0000499c   0x0000499c   0x00000060   Code   RO          801    i.LP_IIC_Send_Byte  lpiic.o
    0x000049fc   0x000049fc   0x00000038   Code   RO          802    i.LP_IIC_Start      lpiic.o
    0x00004a34   0x00004a34   0x00000038   Code   RO          803    i.LP_IIC_Stop       lpiic.o
    0x00004a6c   0x00004a6c   0x00000054   Code   RO          804    i.LP_IIC_Wait_Ack   lpiic.o
    0x00004ac0   0x00004ac0   0x00000038   Code   RO          559    i.LSI_TURNON        lcd.o
    0x00004af8   0x00004af8   0x00000050   Code   RO          805    i.LpI2CReceiveBytes  lpiic.o
    0x00004b48   0x00004b48   0x00000064   Code   RO          806    i.LpI2CSendCMD      lpiic.o
    0x00004bac   0x00004bac   0x00000080   Code   RO          807    i.LpI2C_Init        lpiic.o
    0x00004c2c   0x00004c2c   0x00000004   Code   RO          190    i.MemManage_Handler  interrupt.o
    0x00004c30   0x00004c30   0x00000002   Code   RO          191    i.NMI_Handler       interrupt.o
    0x00004c32   0x00004c32   0x00000002   PAD
    0x00004c34   0x00004c34   0x000000a8   Code   RO         1889    i.NVIC_Init         sh32f9xx_sb0_nvic.o
    0x00004cdc   0x00004cdc   0x00000054   Code   RO         1890    i.NVIC_PriorityGroupConfig  sh32f9xx_sb0_nvic.o
    0x00004d30   0x00004d30   0x00000002   Code   RO          192    i.PendSV_Handler    interrupt.o
    0x00004d32   0x00004d32   0x00000002   PAD
    0x00004d34   0x00004d34   0x0000006c   Code   RO         1401    i.RCC_AHBPeriphClockOnOff  sh32f9xx_sb0_rcc.o
    0x00004da0   0x00004da0   0x00000064   Code   RO         1403    i.RCC_APB0PeriphClockOnOff  sh32f9xx_sb0_rcc.o
    0x00004e04   0x00004e04   0x00000068   Code   RO         1405    i.RCC_APB1PeriphClockOnOff  sh32f9xx_sb0_rcc.o
    0x00004e6c   0x00004e6c   0x000001a0   Code   RO         1412    i.RCC_GetClocksFreq  sh32f9xx_sb0_rcc.o
    0x0000500c   0x0000500c   0x00000002   Code   RO          193    i.SVC_Handler       interrupt.o
    0x0000500e   0x0000500e   0x00000002   PAD
    0x00005010   0x00005010   0x00000034   Code   RO         1112    i.SW_ERROR_GPIO_Config  fault.o
    0x00005044   0x00005044   0x0000003c   Code   RO         1536    i.SYSCFG_VLVRConfig  sh32f9xx_sb0_syscfg.o
    0x00005080   0x00005080   0x00000058   Code   RO          808    i.SensorPowerTrig_GPIO_Config  lpiic.o
    0x000050d8   0x000050d8   0x00000052   Code   RO          357    i.SetResolutionFive  app.o
    0x0000512a   0x0000512a   0x00000002   PAD
    0x0000512c   0x0000512c   0x0000010c   Code   RO         2385    i.SetSysClockTo72   system_sh32f9xx_sb0.o
    0x00005238   0x00005238   0x0000002c   Code   RO          669    i.SoftTimer_Check   timer.o
    0x00005264   0x00005264   0x00000020   Code   RO          672    i.SoftTimer_Setup   timer.o
    0x00005284   0x00005284   0x00000002   Code   RO          194    i.SysTick_Handler   interrupt.o
    0x00005286   0x00005286   0x00000008   Code   RO         2387    i.SystemInit        system_sh32f9xx_sb0.o
    0x0000528e   0x0000528e   0x00000002   PAD
    0x00005290   0x00005290   0x00000068   Code   RO          673    i.TIM5_Config       timer.o
    0x000052f8   0x000052f8   0x00000034   Code   RO          674    i.TIM5_Handler      timer.o
    0x0000532c   0x0000532c   0x00000044   Code   RO         1733    i.TIM_ClearFlag     sh32f9xx_sb0_timer.o
    0x00005370   0x00005370   0x00000064   Code   RO         1739    i.TIM_INTConfig     sh32f9xx_sb0_timer.o
    0x000053d4   0x000053d4   0x00000094   Code   RO         1740    i.TIM_Init          sh32f9xx_sb0_timer.o
    0x00005468   0x00005468   0x00000064   Code   RO         1741    i.TIM_OnOff         sh32f9xx_sb0_timer.o
    0x000054cc   0x000054cc   0x0000000e   Code   RO         1747    i.TIM_StructInit    sh32f9xx_sb0_timer.o
    0x000054da   0x000054da   0x00000002   PAD
    0x000054dc   0x000054dc   0x000000ac   Code   RO          492    i.UART2_Config      uart.o
    0x00005588   0x00005588   0x00000028   Code   RO          195    i.UART2_Handler     interrupt.o
    0x000055b0   0x000055b0   0x0000008c   Code   RO         1640    i.UART_GetFlagStatus  sh32f9xx_sb0_uart.o
    0x0000563c   0x0000563c   0x00000090   Code   RO         1642    i.UART_INTConfig    sh32f9xx_sb0_uart.o
    0x000056cc   0x000056cc   0x00000324   Code   RO         1643    i.UART_Init         sh32f9xx_sb0_uart.o
    0x000059f0   0x000059f0   0x0000005a   Code   RO          493    i.UART_ReceiveBytes  uart.o
    0x00005a4a   0x00005a4a   0x00000002   PAD
    0x00005a4c   0x00005a4c   0x00000074   Code   RO         1646    i.UART_ReceiveData  sh32f9xx_sb0_uart.o
    0x00005ac0   0x00005ac0   0x00000058   Code   RO         1647    i.UART_SendData     sh32f9xx_sb0_uart.o
    0x00005b18   0x00005b18   0x00000004   Code   RO          196    i.UsageFault_Handler  interrupt.o
    0x00005b1c   0x00005b1c   0x0000002c   Code   RO          276    i.assert_failed     sh32f9xx_sb0_retarget.o
    0x00005b48   0x00005b48   0x00000020   Code   RO          452    i.delay_init        delay.o
    0x00005b68   0x00005b68   0x00000018   Code   RO          453    i.delay_ms          delay.o
    0x00005b80   0x00005b80   0x0000004c   Code   RO          454    i.delay_us          delay.o
    0x00005bcc   0x00005bcc   0x00000020   Code   RO          279    i.fputc             sh32f9xx_sb0_retarget.o
    0x00005bec   0x00005bec   0x000001b4   Code   RO           13    i.main              main.o
    0x00005da0   0x00005da0   0x00000016   Code   RO          281    i.uart_send         sh32f9xx_sb0_retarget.o
    0x00005db6   0x00005db6   0x00000002   PAD
    0x00005db8   0x00005db8   0x000000bc   Code   RO          358    i.value_init        app.o
    0x00005e74   0x00005e74   0x00000062   Code   RO         2464    x$fpl$d2f           fz_ws.l(d2f.o)
    0x00005ed6   0x00005ed6   0x00000018   Code   RO         2504    x$fpl$dcmpinf       fz_ws.l(dcmpi.o)
    0x00005eee   0x00005eee   0x00000002   PAD
    0x00005ef0   0x00005ef0   0x000002b0   Code   RO         2467    x$fpl$ddiv          fz_ws.l(ddiv.o)
    0x000061a0   0x000061a0   0x0000005e   Code   RO         2470    x$fpl$dfix          fz_ws.l(dfix.o)
    0x000061fe   0x000061fe   0x00000002   PAD
    0x00006200   0x00006200   0x00000078   Code   RO         2474    x$fpl$dleqf         fz_ws.l(dleqf.o)
    0x00006278   0x00006278   0x00000154   Code   RO         2476    x$fpl$dmul          fz_ws.l(dmul.o)
    0x000063cc   0x000063cc   0x0000009c   Code   RO         2506    x$fpl$dnaninf       fz_ws.l(dnaninf.o)
    0x00006468   0x00006468   0x0000000c   Code   RO         2508    x$fpl$dretinf       fz_ws.l(dretinf.o)
    0x00006474   0x00006474   0x00000056   Code   RO         2478    x$fpl$f2d           fz_ws.l(f2d.o)
    0x000064ca   0x000064ca   0x00000002   PAD
    0x000064cc   0x000064cc   0x000000c4   Code   RO         2480    x$fpl$fadd          fz_ws.l(faddsub_clz.o)
    0x00006590   0x00006590   0x00000184   Code   RO         2487    x$fpl$fdiv          fz_ws.l(fdiv.o)
    0x00006714   0x00006714   0x00000030   Code   RO         2491    x$fpl$fflt          fz_ws.l(fflt_clz.o)
    0x00006744   0x00006744   0x00000026   Code   RO         2490    x$fpl$ffltu         fz_ws.l(fflt_clz.o)
    0x0000676a   0x0000676a   0x0000008c   Code   RO         2510    x$fpl$fnaninf       fz_ws.l(fnaninf.o)
    0x000067f6   0x000067f6   0x0000000a   Code   RO         2512    x$fpl$fretinf       fz_ws.l(fretinf.o)
    0x00006800   0x00006800   0x000000ea   Code   RO         2482    x$fpl$fsub          fz_ws.l(faddsub_clz.o)
    0x000068ea   0x000068ea   0x00000000   Code   RO         2514    x$fpl$usenofp       fz_ws.l(usenofp.o)
    0x000068ea   0x000068ea   0x00000002   PAD
    0x000068ec   0x000068ec   0x0000000c   Data   RO          676    .constdata          timer.o
    0x000068f8   0x000068f8   0x0000004a   Data   RO         1270    .conststring        sh32f9xx_sb0_gpio.o
    0x00006942   0x00006942   0x00000002   PAD
    0x00006944   0x00006944   0x0000004a   Data   RO         1367    .conststring        sh32f9xx_sb0_iwdt.o
    0x0000698e   0x0000698e   0x00000002   PAD
    0x00006990   0x00006990   0x00000049   Data   RO         1418    .conststring        sh32f9xx_sb0_rcc.o
    0x000069d9   0x000069d9   0x00000003   PAD
    0x000069dc   0x000069dc   0x0000004c   Data   RO         1538    .conststring        sh32f9xx_sb0_syscfg.o
    0x00006a28   0x00006a28   0x0000004a   Data   RO         1650    .conststring        sh32f9xx_sb0_uart.o
    0x00006a72   0x00006a72   0x00000002   PAD
    0x00006a74   0x00006a74   0x0000004b   Data   RO         1748    .conststring        sh32f9xx_sb0_timer.o
    0x00006abf   0x00006abf   0x00000001   PAD
    0x00006ac0   0x00006ac0   0x00000049   Data   RO         1855    .conststring        sh32f9xx_sb0_lcd.o
    0x00006b09   0x00006b09   0x00000003   PAD
    0x00006b0c   0x00006b0c   0x0000004a   Data   RO         1895    .conststring        sh32f9xx_sb0_nvic.o
    0x00006b56   0x00006b56   0x00000002   PAD
    0x00006b58   0x00006b58   0x0000004b   Data   RO         1995    .conststring        sh32f9xx_sb0_flash.o
    0x00006ba3   0x00006ba3   0x00000001   PAD
    0x00006ba4   0x00006ba4   0x00000049   Data   RO         2286    .conststring        sh32f9xx_sb0_adc.o
    0x00006bed   0x00006bed   0x00000003   PAD
    0x00006bf0   0x00006bf0   0x00000020   Data   RO         2677    Region$$Table       anon$$obj.o


    Execution Region RW_IRAM1 (Exec base: 0x20000000, Load base: 0x00006c10, Size: 0x00000ae8, Max: 0x00004000, ABSOLUTE)

    Exec Addr    Load Addr    Size         Type   Attr      Idx    E Section Name        Object

    0x20000000   0x00006c10   0x00000002   Data   RW           14    .data               main.o
    0x20000002   0x00006c12   0x00000002   PAD
    0x20000004   0x00006c14   0x00000008   Data   RW          282    .data               sh32f9xx_sb0_retarget.o
    0x2000000c   0x00006c1c   0x00000029   Data   RW          360    .data               app.o
    0x20000035   0x00006c45   0x00000001   Data   RW          455    .data               delay.o
    0x20000036   0x00006c46   0x0000001c   Data   RW          495    .data               uart.o
    0x20000052   0x00006c62   0x00000017   Data   RW          560    .data               lcd.o
    0x20000069   0x00006c79   0x00000003   PAD
    0x2000006c   0x00006c7c   0x00000004   Data   RW          677    .data               timer.o
    0x20000070   0x00006c80   0x00000004   Data   RW          810    .data               lpiic.o
    0x20000074   0x00006c84   0x00000004   Data   RW          919    .data               hpiic.o
    0x20000078   0x00006c88   0x00000008   Data   RW         1014    .data               beep.o
    0x20000080   0x00006c90   0x0000000f   Data   RW         1067    .data               key.o
    0x2000008f   0x00006c9f   0x00000001   PAD
    0x20000090   0x00006ca0   0x00000008   Data   RW         1113    .data               fault.o
    0x20000098   0x00006ca8   0x0000001a   Data   RW         1151    .data               adc.o
    0x200000b2   0x00006cc2   0x00000002   PAD
    0x200000b4        -       0x0000003e   Zero   RW          359    .bss                app.o
    0x200000f2        -       0x0000006a   Zero   RW          494    .bss                uart.o
    0x2000015c        -       0x0000000c   Zero   RW          675    .bss                timer.o
    0x20000168        -       0x00000400   Zero   RW          738    .bss                eeprom.o
    0x20000568        -       0x00000010   Zero   RW          809    .bss                lpiic.o
    0x20000578        -       0x00000010   Zero   RW          918    .bss                hpiic.o
    0x20000588        -       0x00000060   Zero   RW         2549    .bss                c_w.l(libspace.o)
    0x200005e8        -       0x00000100   Zero   RW            2    HEAP                startup_sh32f9001_keil.o
    0x200006e8        -       0x00000400   Zero   RW            1    STACK               startup_sh32f9001_keil.o


==============================================================================

Image component sizes


      Code (inc. data)   RO Data    RW Data    ZI Data      Debug   Object Name

       732         86          0         26          0       2608   adc.o
      4798        348          0         41         62      13580   app.o
       900         78          0          8          0       3314   beep.o
       132         14          0          1          0       1647   delay.o
       444         16          0          0       1024       3634   eeprom.o
       440         48          0          8          0       1583   fault.o
      1212         74          0          4         16       8064   hpiic.o
        66          8          0          0          0       4294   interrupt.o
       624         76          0         15          0       3235   key.o
      3838        136          0         23          0      12142   lcd.o
      1300         80          0          4         16       8610   lpiic.o
       436         28          0          2          0     250152   main.o
       128          0          0          0          0       2511   queue.o
      1366         64         73          0          0       6543   sh32f9xx_sb0_adc.o
       878        124         75          0          0       9318   sh32f9xx_sb0_flash.o
      1104         56         74          0          0       4960   sh32f9xx_sb0_gpio.o
       104         18         74          0          0       1211   sh32f9xx_sb0_iwdt.o
       216         10         73          0          0       2276   sh32f9xx_sb0_lcd.o
       252         36         74          0          0       1883   sh32f9xx_sb0_nvic.o
       728         52         73          0          0       3488   sh32f9xx_sb0_rcc.o
        98         30          0          8          0       3562   sh32f9xx_sb0_retarget.o
        60         10         76          0          0        620   sh32f9xx_sb0_syscfg.o
       430         86         75          0          0       3668   sh32f9xx_sb0_timer.o
      1292        148         74          0          0       4545   sh32f9xx_sb0_uart.o
        68         28        232          0       1280       1000   startup_sh32f9001_keil.o
       276         16          0          0          0       1633   system_sh32f9xx_sb0.o
       232         32         12          4         12       2762   timer.o
       750         38          0         28        106      27768   uart.o

    ----------------------------------------------------------------------
     22928       1740       1036        180       2516     390611   Object Totals
         0          0         32          0          0          0   (incl. Generated)
        24          0         19          8          0          0   (incl. Padding)

    ----------------------------------------------------------------------

      Code (inc. data)   RO Data    RW Data    ZI Data      Debug   Library Member Name

         8          0          0          0          0         68   __main.o
       104          0          0          0          0         84   __printf.o
         0          0          0          0          0          0   __rtentry.o
        12          0          0          0          0          0   __rtentry2.o
         6          0          0          0          0          0   __rtentry4.o
        52          8          0          0          0          0   __scatter.o
        26          0          0          0          0          0   __scatter_copy.o
        28          0          0          0          0          0   __scatter_zi.o
        44          0          0          0          0        108   _printf_char.o
        48          6          0          0          0         96   _printf_char_common.o
        36          4          0          0          0         80   _printf_char_file.o
         6          0          0          0          0          0   _printf_d.o
       120         16          0          0          0         92   _printf_dec.o
       178          0          0          0          0         88   _printf_intcommon.o
         0          0          0          0          0          0   _printf_percent.o
         4          0          0          0          0          0   _printf_percent_end.o
         6          0          0          0          0          0   _printf_s.o
        82          0          0          0          0         80   _printf_str.o
        18          0          0          0          0         80   exit.o
         8          0          0          0          0         68   ferror.o
         6          0          0          0          0        152   heapauxi.o
         0          0          0          0          0          0   indicate_semi.o
         2          0          0          0          0          0   libinit.o
         2          0          0          0          0          0   libinit2.o
         2          0          0          0          0          0   libshutdown.o
         2          0          0          0          0          0   libshutdown2.o
         8          4          0          0         96         68   libspace.o
        24          4          0          0          0         84   noretval__2printf.o
        78          0          0          0          0         80   rt_memclr_w.o
         2          0          0          0          0          0   rtexit.o
        10          0          0          0          0          0   rtexit2.o
        12          4          0          0          0         68   sys_exit.o
        74          0          0          0          0         80   sys_stackheap_outer.o
         2          0          0          0          0         68   use_no_semi.o
        98          4          0          0          0         92   d2f.o
        24          0          0          0          0         68   dcmpi.o
       688        140          0          0          0        208   ddiv.o
        94          4          0          0          0         92   dfix.o
       120          4          0          0          0         92   dleqf.o
       340         12          0          0          0        104   dmul.o
       156          4          0          0          0         92   dnaninf.o
        12          0          0          0          0         68   dretinf.o
        86          4          0          0          0         84   f2d.o
       430          8          0          0          0        168   faddsub_clz.o
       388         76          0          0          0         96   fdiv.o
        86          0          0          0          0        136   fflt_clz.o
       140          4          0          0          0         84   fnaninf.o
        10          0          0          0          0         68   fretinf.o
         0          0          0          0          0          0   usenofp.o

    ----------------------------------------------------------------------
      3700        306          0          0         96       2896   Library Totals
        18          0          0          0          0          0   (incl. Padding)

    ----------------------------------------------------------------------

      Code (inc. data)   RO Data    RW Data    ZI Data      Debug   Library Name

      1010         46          0          0         96       1444   c_w.l
      2672        260          0          0          0       1452   fz_ws.l

    ----------------------------------------------------------------------
      3700        306          0          0         96       2896   Library Totals

    ----------------------------------------------------------------------

==============================================================================


      Code (inc. data)   RO Data    RW Data    ZI Data      Debug   

     26628       2046       1036        180       2612     383987   Grand Totals
     26628       2046       1036        180       2612     383987   ELF Image Totals
     26628       2046       1036        180          0          0   ROM Totals

==============================================================================

    Total RO  Size (Code + RO Data)                27664 (  27.02kB)
    Total RW  Size (RW Data + ZI Data)              2792 (   2.73kB)
    Total ROM Size (Code + RO Data + RW Data)      27844 (  27.19kB)

==============================================================================

