<html>
<body>
<pre>
<h1>µVision Build Log</h1>
<h2>Tool Versions:</h2>
IDE-Version: ¦ÌVision V5.36.0.0
Copyright (C) 2021 ARM Ltd and ARM Germany GmbH. All rights reserved.
License Information: c c, c, LIC=BUURY-IXP6Z-IIA5V-PVA1E-64JU6-4FSQL
 
Tool Versions:
Toolchain:       MDK-ARM Plus  Version: 5.36.0.0
Toolchain Path:  C:\Keil_v5\ARM\ARMCC\Bin
C Compiler:      Armcc.exe V5.06 update 7 (build 960)
Assembler:       Armasm.exe V5.06 update 7 (build 960)
Linker/Locator:  ArmLink.exe V5.06 update 7 (build 960)
Library Manager: ArmAr.exe V5.06 update 7 (build 960)
Hex Converter:   FromElf.exe V5.06 update 7 (build 960)
CPU DLL:         SARMCM3.DLL V5.36.0.0
Dialog DLL:      DCM.dll V1.17.3.0
Target DLL:      SinoLink.DLL V1.00
Dialog DLL:      TCM.dll V1.53.0.0
 
<h2>Project:</h2>
C:\Users\cxs09\Desktop\FP-24MF-DP\Project\MDK-ARM\FP-24MF-DP.uvproj
Project File Date:  02/20/2026

<h2>Output:</h2>
*** Using Compiler 'V5.06 update 7 (build 960)', folder: 'C:\Keil_v5\ARM\ARMCC\Bin'
Rebuild target 'FP-24MF-DP'
assembling startup_sh32f9001_keil.s...
compiling interrupt.c...
compiling hpiic.c...
compiling app.c...
compiling lcd.c...
compiling main.c...
compiling lpiic.c...
compiling timer.c...
compiling delay.c...
compiling eeprom.c...
compiling uart.c...
compiling sh32f9xx_sb0_retarget.c...
compiling beep.c...
compiling queue.c...
compiling key.c...
compiling fault.c...
compiling adc.c...
compiling sh32f9xx_sb0_iwdt.c...
compiling sh32f9xx_sb0_gpio.c...
compiling sh32f9xx_sb0_rcc.c...
compiling sh32f9xx_sb0_lcd.c...
compiling sh32f9xx_sb0_nvic.c...
compiling sh32f9xx_sb0_timer.c...
compiling sh32f9xx_sb0_syscfg.c...
compiling sh32f9xx_sb0_uart.c...
compiling sh32f9xx_sb0_adc.c...
compiling system_sh32f9xx_sb0.c...
compiling sh32f9xx_sb0_flash.c...
linking...
Program Size: Code=26628 RO-data=1036 RW-data=180 ZI-data=2612  
FromELF: creating hex file...
".\Objects\FP-24MF-DP.axf" - 0 Error(s), 0 Warning(s).
Build Time Elapsed:  00:00:02
</pre>
</body>
</html>
